################################################################################
#                                                                              #
#      IAR Universal Linker V4.60I/386                                         #
#                                                                              #
#           Link time     =  23/Nov/2009  22:48:07                             #
#           Target CPU    =  ARM                                               #
#           List file     =  "E:\My File\other\DSO\DS0201_OpenSource\DS0201_AP #
#                            P\project\EWARM\Debug_FLASH\List\DS0201.map"      #
#           Output file 1 =  "E:\My File\other\DSO\DS0201_OpenSource\DS0201_AP #
#                            P\project\EWARM\Debug_FLASH\Exe\DS0201.d79"       #
#                            Format: debug                                     #
#                            UBROF version 10.0.2                              #
#                            Using library modules for C-SPY (-rt)             #
#           Output file 2 =  "E:\My File\other\DSO\DS0201_OpenSource\DS0201_AP #
#                            P\project\EWARM\Debug_FLASH\Exe\DS0201.hex"       #
#                            Format: intel-extended, variant: -y(CODE)         #
#           Output file 3 =  "E:\My File\other\DSO\DS0201_OpenSource\DS0201_AP #
#                            P\project\EWARM\Debug_FLASH\Exe\DS0201.sim"       #
#                            Format: simple-code                               #
#           Command line  =  "E:\My File\other\DSO\DS0201_OpenSource\DS0201_AP #
#                            P\project\EWARM\Debug_FLASH\Obj\Calculate.r79"    #
#                            "E:\My File\other\DSO\DS0201_OpenSource\DS0201_AP #
#                            P\project\EWARM\Debug_FLASH\Obj\Files.r79"        #
#                            "E:\My File\other\DSO\DS0201_OpenSource\DS0201_AP #
#                            P\project\EWARM\Debug_FLASH\Obj\Function.r79"     #
#                            "E:\My File\other\DSO\DS0201_OpenSource\DS0201_AP #
#                            P\project\EWARM\Debug_FLASH\Obj\HW_V1_Config.r79" #
#                            "E:\My File\other\DSO\DS0201_OpenSource\DS0201_AP #
#                            P\project\EWARM\Debug_FLASH\Obj\Lcd.r79"          #
#                            "E:\My File\other\DSO\DS0201_OpenSource\DS0201_AP #
#                            P\project\EWARM\Debug_FLASH\Obj\cortexm3_macro.r7 #
#                            9"                                                #
#                            "E:\My File\other\DSO\DS0201_OpenSource\DS0201_AP #
#                            P\project\EWARM\Debug_FLASH\Obj\main.r79"         #
#                            "E:\My File\other\DSO\DS0201_OpenSource\DS0201_AP #
#                            P\project\EWARM\Debug_FLASH\Obj\memory.r79"       #
#                            "E:\My File\other\DSO\DS0201_OpenSource\DS0201_AP #
#                            P\project\EWARM\Debug_FLASH\Obj\msd.r79"          #
#                            "E:\My File\other\DSO\DS0201_OpenSource\DS0201_AP #
#                            P\project\EWARM\Debug_FLASH\Obj\scsi_data.r79"    #
#                            "E:\My File\other\DSO\DS0201_OpenSource\DS0201_AP #
#                            P\project\EWARM\Debug_FLASH\Obj\stm32f10x_flash.r #
#                            79"                                               #
#                            "E:\My File\other\DSO\DS0201_OpenSource\DS0201_AP #
#                            P\project\EWARM\Debug_FLASH\Obj\stm32f10x_gpio.r7 #
#                            9"                                                #
#                            "E:\My File\other\DSO\DS0201_OpenSource\DS0201_AP #
#                            P\project\EWARM\Debug_FLASH\Obj\stm32f10x_it.r79" #
#                            "E:\My File\other\DSO\DS0201_OpenSource\DS0201_AP #
#                            P\project\EWARM\Debug_FLASH\Obj\stm32f10x_lib.r79 #
#                            "                                                 #
#                            "E:\My File\other\DSO\DS0201_OpenSource\DS0201_AP #
#                            P\project\EWARM\Debug_FLASH\Obj\stm32f10x_nvic.r7 #
#                            9"                                                #
#                            "E:\My File\other\DSO\DS0201_OpenSource\DS0201_AP #
#                            P\project\EWARM\Debug_FLASH\Obj\stm32f10x_rcc.r79 #
#                            "                                                 #
#                            "E:\My File\other\DSO\DS0201_OpenSource\DS0201_AP #
#                            P\project\EWARM\Debug_FLASH\Obj\stm32f10x_spi.r79 #
#                            "                                                 #
#                            "E:\My File\other\DSO\DS0201_OpenSource\DS0201_AP #
#                            P\project\EWARM\Debug_FLASH\Obj\stm32f10x_systick #
#                            .r79"                                             #
#                            "E:\My File\other\DSO\DS0201_OpenSource\DS0201_AP #
#                            P\project\EWARM\Debug_FLASH\Obj\stm32f10x_vector. #
#                            r79"                                              #
#                            "E:\My File\other\DSO\DS0201_OpenSource\DS0201_AP #
#                            P\project\EWARM\Debug_FLASH\Obj\usb_bot.r79"      #
#                            "E:\My File\other\DSO\DS0201_OpenSource\DS0201_AP #
#                            P\project\EWARM\Debug_FLASH\Obj\usb_core.r79"     #
#                            "E:\My File\other\DSO\DS0201_OpenSource\DS0201_AP #
#                            P\project\EWARM\Debug_FLASH\Obj\usb_desc.r79"     #
#                            "E:\My File\other\DSO\DS0201_OpenSource\DS0201_AP #
#                            P\project\EWARM\Debug_FLASH\Obj\usb_endp.r79"     #
#                            "E:\My File\other\DSO\DS0201_OpenSource\DS0201_AP #
#                            P\project\EWARM\Debug_FLASH\Obj\usb_init.r79"     #
#                            "E:\My File\other\DSO\DS0201_OpenSource\DS0201_AP #
#                            P\project\EWARM\Debug_FLASH\Obj\usb_int.r79"      #
#                            "E:\My File\other\DSO\DS0201_OpenSource\DS0201_AP #
#                            P\project\EWARM\Debug_FLASH\Obj\usb_istr.r79"     #
#                            "E:\My File\other\DSO\DS0201_OpenSource\DS0201_AP #
#                            P\project\EWARM\Debug_FLASH\Obj\usb_mem.r79"      #
#                            "E:\My File\other\DSO\DS0201_OpenSource\DS0201_AP #
#                            P\project\EWARM\Debug_FLASH\Obj\usb_prop.r79"     #
#                            "E:\My File\other\DSO\DS0201_OpenSource\DS0201_AP #
#                            P\project\EWARM\Debug_FLASH\Obj\usb_pwr.r79"      #
#                            "E:\My File\other\DSO\DS0201_OpenSource\DS0201_AP #
#                            P\project\EWARM\Debug_FLASH\Obj\usb_regs.r79"     #
#                            "E:\My File\other\DSO\DS0201_OpenSource\DS0201_AP #
#                            P\project\EWARM\Debug_FLASH\Obj\usb_scsi.r79"     #
#                            -o                                                #
#                            "E:\My File\other\DSO\DS0201_OpenSource\DS0201_AP #
#                            P\project\EWARM\Debug_FLASH\Exe\DS0201.d79"       #
#                            -l                                                #
#                            "E:\My File\other\DSO\DS0201_OpenSource\DS0201_AP #
#                            P\project\EWARM\Debug_FLASH\List\DS0201.map"      #
#                            -xms                                              #
#                            "-ID:\Program Files\Embedded Workbench 4.0 Evalua #
#                            tion\ARM\LIB\"                                    #
#                            -f                                                #
#                            "E:\My File\other\DSO\DS0201_OpenSource\DS0201_AP #
#                            P\project\EWARM\lnkarm_flash.xcl"                 #
#                            (-DROMSTART=0x8004000 -DROMEND=0x801FFFF          #
#                            -DRAMSTART=0x20000000 -DRAMEND=0x20004FFF -carm   #
#                            -Z(CODE)INTVEC=ROMSTART-ROMEND                    #
#                            -Z(CODE)ICODE,DIFUNCT=ROMSTART-ROMEND             #
#                            -Z(CODE)SWITAB=ROMSTART-ROMEND                    #
#                            -Z(CODE)CODE=ROMSTART-ROMEND                      #
#                            -Z(CONST)CODE_ID=ROMSTART-ROMEND                  #
#                            -Z(CONST)INITTAB,DATA_ID,DATA_C=ROMSTART-ROMEND   #
#                            -Z(CONST)CHECKSUM=ROMSTART-ROMEND                 #
#                            -Z(DATA)DATA_I,DATA_Z,DATA_N=RAMSTART-RAMEND      #
#                            -Z(DATA)CODE_I=RAMSTART-RAMEND -QCODE_I=CODE_ID   #
#                            -D_CSTACK_SIZE=1000 -D_HEAP_SIZE=200              #
#                            -Z(DATA)CSTACK+_CSTACK_SIZE=RAMSTART-RAMEND       #
#                            -Z(DATA)HEAP+_HEAP_SIZE=RAMSTART-RAMEND           #
#                            -Ointel-extended,(CODE)=.hex) -rt                 #
#                            "D:\Program Files\Embedded Workbench 4.0 Evaluati #
#                            on\ARM\LIB\dl7mptnnl8n.r79"                       #
#                            "-Osimple-code=E:\My File\other\DSO\DS0201_OpenSo #
#                            urce\DS0201_APP\project\EWARM\Debug_FLASH\Exe\DS0 #
#                            201.sim"                                          #
#                            -s __program_start                                #
#                                                                              #
#                        Copyright 1987-2007 IAR Systems. All rights reserved. #
################################################################################





                ****************************************
                *                                      *
                *           CROSS REFERENCE            *
                *                                      *
                ****************************************

       Program entry at :           08004121  Relocatable, from module : ?CMAIN




                ****************************************
                *                                      *
                *            RUNTIME MODEL             *
                *                                      *
                ****************************************

  StackAlign4            = USED
  __cpu_mode             = __pcs__thumb
  __data_model           = absolute
  __dlib_file_descriptor = 0
  __endian               = little
  __rt_version           = 6



                ****************************************
                *                                      *
                *              MODULE MAP              *
                *                                      *
                ****************************************


  DEFINED ABSOLUTE ENTRIES
    *************************************************************************

  DEFINED ABSOLUTE ENTRIES
  PROGRAM MODULE, NAME : ?ABS_ENTRY_MOD

Absolute parts
           ENTRY                   ADDRESS         REF BY
           =====                   =======         ======
           _HEAP_SIZE              00000200 
           _CSTACK_SIZE            00001000 
           RAMEND                  20004FFF 
           RAMSTART                20000000 
           ROMEND                  0801FFFF 
           ROMSTART                08004000 
    *************************************************************************

  FILE NAME : E:\My File\other\DSO\DS0201_OpenSource\DS0201_APP\project\EWARM\Debug_FLASH\Obj\Calculate.r79
  PROGRAM MODULE, NAME : Calculate

  SEGMENTS IN THE MODULE
  ======================
CODE
  Relative segment, address: 08004150 - 08004341 (0x1f2 bytes), align: 2
  Segment part 2.
           ENTRY                   ADDRESS         REF BY
           =====                   =======         ======
           Int32String_sign        08004151        Update_Item (Function)
               stack 1 = 00000000 ( 0000001C )
    -------------------------------------------------------------------------
CODE
  Relative segment, address: 08004344 - 0800451F (0x1dc bytes), align: 2
  Segment part 3.
           ENTRY                   ADDRESS         REF BY
           =====                   =======         ======
           Int32String             08004345        Update_Item (Function)
               stack 1 = 00000000 ( 0000001C )
    -------------------------------------------------------------------------
CODE
  Relative segment, address: 08004520 - 08004523 (0x4 bytes), align: 2
  Segment part 4.             Intra module refs:   Int32String
                                                   Int32String_sign
    -------------------------------------------------------------------------
CODE
  Relative segment, address: 08004524 - 08004527 (0x4 bytes), align: 2
  Segment part 5.             Intra module refs:   Int32String
                                                   Int32String_sign
    -------------------------------------------------------------------------
CODE
  Relative segment, address: 08004528 - 0800452B (0x4 bytes), align: 2
  Segment part 6.             Intra module refs:   Int32String
                                                   Int32String_sign
    -------------------------------------------------------------------------
CODE
  Relative segment, address: 0800452C - 0800452F (0x4 bytes), align: 2
  Segment part 7.             Intra module refs:   Int32String
                                                   Int32String_sign
    -------------------------------------------------------------------------
CODE
  Relative segment, address: 08004530 - 08004533 (0x4 bytes), align: 2
  Segment part 8.             Intra module refs:   Int32String
                                                   Int32String_sign
    -------------------------------------------------------------------------
CODE
  Relative segment, address: 08004534 - 08004537 (0x4 bytes), align: 2
  Segment part 9.             Intra module refs:   Int32String
                                                   Int32String_sign
    -------------------------------------------------------------------------
CODE
  Relative segment, address: 08004538 - 0800457F (0x48 bytes), align: 2
  Segment part 10.
           ENTRY                   ADDRESS         REF BY
           =====                   =======         ======
           Char_to_Str             08004539        Update_Item (Function)
                                                   main (main)
               stack 1 = 00000000 ( 00000004 )

    *************************************************************************

  FILE NAME : E:\My File\other\DSO\DS0201_OpenSource\DS0201_APP\project\EWARM\Debug_FLASH\Obj\Files.r79
  PROGRAM MODULE, NAME : Files

  SEGMENTS IN THE MODULE
  ======================
DATA_Z
  Relative segment, address: 200002C8 - 200002CB (0x4 bytes), align: 2
  Segment part 2.             Intra module refs:   FAT_Info
           ENTRY                   ADDRESS         REF BY
           =====                   =======         ======
           DiskStart               200002C8 
    -------------------------------------------------------------------------
DATA_Z
  Relative segment, address: 200002CC - 200002CF (0x4 bytes), align: 2
  Segment part 3.             Intra module refs:   FAT_Info
           ENTRY                   ADDRESS         REF BY
           =====                   =======         ======
           Hidden_Sec              200002CC 
    -------------------------------------------------------------------------
DATA_Z
  Relative segment, address: 200002D0 - 200002D3 (0x4 bytes), align: 2
  Segment part 4.             Intra module refs:   Segment part 19
           ENTRY                   ADDRESS         REF BY
           =====                   =======         ======
           Root_Addr               200002D0 
    -------------------------------------------------------------------------
DATA_Z
  Relative segment, address: 200002D4 - 200002D7 (0x4 bytes), align: 2
  Segment part 5.             Intra module refs:   Open_File
           ENTRY                   ADDRESS         REF BY
           =====                   =======         ======
           ClusterNum              200002D4 
    -------------------------------------------------------------------------
DATA_Z
  Relative segment, address: 200002D8 - 200002DB (0x4 bytes), align: 2
  Segment part 6.             Intra module refs:   Segment part 23
           ENTRY                   ADDRESS         REF BY
           =====                   =======         ======
           File_Addr               200002D8 
    -------------------------------------------------------------------------
DATA_Z
  Relative segment, address: 20002A50 - 20002A51 (0x2 bytes), align: 1
  Segment part 7.             Intra module refs:   FAT_Info
           ENTRY                   ADDRESS         REF BY
           =====                   =======         ======
           RsvdSecCnt              20002A50 
    -------------------------------------------------------------------------
DATA_Z
  Relative segment, address: 20002A52 - 20002A53 (0x2 bytes), align: 1
  Segment part 8.             Intra module refs:   Segment part 17
           ENTRY                   ADDRESS         REF BY
           =====                   =======         ======
           FAT_Size16              20002A52 
    -------------------------------------------------------------------------
DATA_Z
  Relative segment, address: 20002A54 - 20002A55 (0x2 bytes), align: 1
  Segment part 9.             Intra module refs:   FAT_Info
           ENTRY                   ADDRESS         REF BY
           =====                   =======         ======
           FAT_Size32              20002A54 
    -------------------------------------------------------------------------
DATA_Z
  Relative segment, address: 20002A56 - 20002A57 (0x2 bytes), align: 1
  Segment part 10.            Intra module refs:   Segment part 20
           ENTRY                   ADDRESS         REF BY
           =====                   =======         ======
           SecPerClus              20002A56 
    -------------------------------------------------------------------------
DATA_Z
  Relative segment, address: 20002A58 - 20002A59 (0x2 bytes), align: 1
  Segment part 11.            Intra module refs:   Open_File
           ENTRY                   ADDRESS         REF BY
           =====                   =======         ======
           DirFliePtr              20002A58 
    -------------------------------------------------------------------------
DATA_Z
  Relative segment, address: 20002A5A - 20002A5B (0x2 bytes), align: 1
  Segment part 12.            Intra module refs:   Open_File
           ENTRY                   ADDRESS         REF BY
           =====                   =======         ======
           DirFlieSec              20002A5A 
    -------------------------------------------------------------------------
DATA_Z
  Relative segment, address: 20002A5C - 20002A5D (0x2 bytes), align: 1
  Segment part 13.            Intra module refs:   Open_File
           ENTRY                   ADDRESS         REF BY
           =====                   =======         ======
           DirSecNum               20002A5C 
    -------------------------------------------------------------------------
CODE
  Relative segment, address: 08004580 - 080046DB (0x15c bytes), align: 2
  Segment part 15.
           ENTRY                   ADDRESS         REF BY
           =====                   =======         ======
           FAT_Info                08004581        main (main)
               stack 1 = 00000000 ( 00000008 )
    -------------------------------------------------------------------------
CODE
  Relative segment, address: 080046DC - 0800489F (0x1c4 bytes), align: 2
  Segment part 16.
           ENTRY                   ADDRESS         REF BY
           =====                   =======         ======
           Open_File               080046DD        main (main)
               stack 1 = 00000000 ( 00000014 )
    -------------------------------------------------------------------------
CODE
  Relative segment, address: 080048A0 - 080048A3 (0x4 bytes), align: 2
  Segment part 17.            Intra module refs:   FAT_Info
                                                   Open_File
    -------------------------------------------------------------------------
CODE
  Relative segment, address: 080048A4 - 080048A7 (0x4 bytes), align: 2
  Segment part 18.            Intra module refs:   FAT_Info
                                                   Open_File
    -------------------------------------------------------------------------
CODE
  Relative segment, address: 080048A8 - 080048AB (0x4 bytes), align: 2
  Segment part 19.            Intra module refs:   FAT_Info
                                                   Open_File
    -------------------------------------------------------------------------
CODE
  Relative segment, address: 080048AC - 080048AF (0x4 bytes), align: 2
  Segment part 20.            Intra module refs:   FAT_Info
                                                   Open_File
    -------------------------------------------------------------------------
CODE
  Relative segment, address: 080048B0 - 080048C1 (0x12 bytes), align: 2
  Segment part 21.
           ENTRY                   ADDRESS         REF BY
           =====                   =======         ======
           Read_File               080048B1        main (main)
               stack 1 = 00000000 ( 00000004 )
    -------------------------------------------------------------------------
CODE
  Relative segment, address: 080048C4 - 080048E5 (0x22 bytes), align: 2
  Segment part 22.
           ENTRY                   ADDRESS         REF BY
           =====                   =======         ======
           Write_File              080048C5        main (main)
               stack 1 = 00000000 ( 00000008 )
    -------------------------------------------------------------------------
CODE
  Relative segment, address: 080048E8 - 080048EB (0x4 bytes), align: 2
  Segment part 23.            Intra module refs:   Open_File
                                                   Read_File
                                                   Write_File
    -------------------------------------------------------------------------
CODE
  Relative segment, address: 080048EC - 080048EF (0x4 bytes), align: 2
  Segment part 24.            Intra module refs:   Read_File
                                                   Write_File
    -------------------------------------------------------------------------
INITTAB
  Relative segment, address: 0800B788 - 0800B793 (0xc bytes), align: 2
  Segment part 27. ROOT.
           ENTRY                   ADDRESS         REF BY
           =====                   =======         ======
           ?init?tab?DATA_Z        0800B788 

    *************************************************************************

  FILE NAME : E:\My File\other\DSO\DS0201_OpenSource\DS0201_APP\project\EWARM\Debug_FLASH\Obj\Function.r79
  PROGRAM MODULE, NAME : Function

  SEGMENTS IN THE MODULE
  ======================
DATA_C
  Relative segment, address: 0800BA68 - 0800BA73 (0xc bytes), align: 2
  Segment part 3.             Intra module refs:   Update_Item
    -------------------------------------------------------------------------
DATA_C
  Relative segment, address: 0800BA74 - 0800BA83 (0x10 bytes), align: 2
  Segment part 5.             Intra module refs:   Update_Item
    -------------------------------------------------------------------------
DATA_C
  Relative segment, address: 0800BA84 - 0800BA93 (0x10 bytes), align: 2
  Segment part 6.             Intra module refs:   Update_Item
    -------------------------------------------------------------------------
DATA_C
  Relative segment, address: 0800BA94 - 0800BA9B (0x8 bytes), align: 2
  Segment part 7.             Intra module refs:   Update_Item
    -------------------------------------------------------------------------
DATA_C
  Relative segment, address: 0800BA9C - 0800BAAB (0x10 bytes), align: 2
  Segment part 9.             Intra module refs:   Update_Item
    -------------------------------------------------------------------------
DATA_C
  Relative segment, address: 0800BAAC - 0800BABB (0x10 bytes), align: 2
  Segment part 10.            Intra module refs:   Update_Item
    -------------------------------------------------------------------------
DATA_C
  Relative segment, address: 0800BABC - 0800BACB (0x10 bytes), align: 2
  Segment part 13.            Intra module refs:   Update_Item
    -------------------------------------------------------------------------
DATA_C
  Relative segment, address: 0800BACC - 0800BADB (0x10 bytes), align: 2
  Segment part 14.            Intra module refs:   Update_Item
    -------------------------------------------------------------------------
DATA_C
  Relative segment, address: 0800BADC - 0800BAE3 (0x8 bytes), align: 2
  Segment part 17.            Intra module refs:   Update_Item
    -------------------------------------------------------------------------
DATA_C
  Relative segment, address: 0800BAE4 - 0800BAEB (0x8 bytes), align: 2
  Segment part 25.            Intra module refs:   Update_Item
    -------------------------------------------------------------------------
DATA_C
  Relative segment, address: 0800BAEC - 0800BAFB (0x10 bytes), align: 2
  Segment part 26.            Intra module refs:   Update_Item
    -------------------------------------------------------------------------
DATA_C
  Relative segment, address: 0800BAFC - 0800BB0B (0x10 bytes), align: 2
  Segment part 28.            Intra module refs:   Update_Item
    -------------------------------------------------------------------------
DATA_C
  Relative segment, address: 0800BB0C - 0800BB13 (0x8 bytes), align: 2
  Segment part 31.            Intra module refs:   Update_Item
    -------------------------------------------------------------------------
DATA_C
  Relative segment, address: 0800BB14 - 0800BB1F (0xc bytes), align: 2
  Segment part 33.            Intra module refs:   Update_Item
    -------------------------------------------------------------------------
DATA_C
  Relative segment, address: 0800BB20 - 0800BBFB (0xdc bytes), align: 2
  Segment part 35.            Intra module refs:   Update_Item
           ENTRY                   ADDRESS         REF BY
           =====                   =======         ======
           Item_V                  0800BB20 
    -------------------------------------------------------------------------
DATA_C
  Relative segment, address: 0800BBFC - 0800BC4B (0x50 bytes), align: 2
  Segment part 36.            Intra module refs:   Update_Item
           ENTRY                   ADDRESS         REF BY
           =====                   =======         ======
           V_Scale                 0800BBFC 
    -------------------------------------------------------------------------
DATA_I
  Relative segment, address: 20000000 - 20000027 (0x28 bytes), align: 2
  Segment part 37.            Intra module refs:   Segment part 123
                                                   Segment part 149
           ENTRY                   ADDRESS         REF BY
           =====                   =======         ======
           Km                      20000000 
    -------------------------------------------------------------------------
DATA_C
  Relative segment, address: 0800BC4C - 0800BD53 (0x108 bytes), align: 2
  Segment part 39.            Intra module refs:   Update_Item
           ENTRY                   ADDRESS         REF BY
           =====                   =======         ======
           Item_T                  0800BC4C 
    -------------------------------------------------------------------------
DATA_C
  Relative segment, address: 0800BD54 - 0800BDAB (0x58 bytes), align: 2
  Segment part 40.            Intra module refs:   Segment part 153
                                                   Update_Item
           ENTRY                   ADDRESS         REF BY
           =====                   =======         ======
           T_Scale                 0800BD54 
    -------------------------------------------------------------------------
DATA_C
  Relative segment, address: 0800BDAC - 0800BDD7 (0x2c bytes), align: 2
  Segment part 41.
           ENTRY                   ADDRESS         REF BY
           =====                   =======         ======
           Scan_PSC                0800BDAC        Set_Base (HW_V1_Config)
    -------------------------------------------------------------------------
DATA_C
  Relative segment, address: 0800BDD8 - 0800BE03 (0x2c bytes), align: 2
  Segment part 42.
           ENTRY                   ADDRESS         REF BY
           =====                   =======         ======
           Scan_ARR                0800BDD8        Set_Base (HW_V1_Config)
    -------------------------------------------------------------------------
DATA_C
  Relative segment, address: 0800BE04 - 0800BE2F (0x2c bytes), align: 2
  Segment part 43.            Intra module refs:   Signal_Process
           ENTRY                   ADDRESS         REF BY
           =====                   =======         ======
           Ks                      0800BE04 
    -------------------------------------------------------------------------
DATA_C
  Relative segment, address: 0800BE30 - 0800BE9F (0x70 bytes), align: 2
  Segment part 44.            Intra module refs:   Update_Item
           ENTRY                   ADDRESS         REF BY
           =====                   =======         ======
           Item_F                  0800BE30 
    -------------------------------------------------------------------------
DATA_C
  Relative segment, address: 0800BEA0 - 0800BEDF (0x40 bytes), align: 2
  Segment part 45.            Intra module refs:   Update_Item
           ENTRY                   ADDRESS         REF BY
           =====                   =======         ======
           Fout_PSC                0800BEA0 
    -------------------------------------------------------------------------
DATA_C
  Relative segment, address: 0800BEE0 - 0800BF1F (0x40 bytes), align: 2
  Segment part 46.            Intra module refs:   Update_Item
           ENTRY                   ADDRESS         REF BY
           =====                   =======         ======
           Fout_ARR                0800BEE0        Timer_Configuration (HW_V1_Config)
    -------------------------------------------------------------------------
DATA_Z
  Relative segment, address: 200002DC - 200022DB (0x2000 bytes), align: 2
  Segment part 47.            Intra module refs:   Segment part 124
                                                   Segment part 150
           ENTRY                   ADDRESS         REF BY
           =====                   =======         ======
           Scan_Buffer             200002DC        Segment part 12 (HW_V1_Config)
                                                   Segment part 26 (HW_V1_Config)
                                                   main (main)
    -------------------------------------------------------------------------
DATA_Z
  Relative segment, address: 200022DC - 20002407 (0x12c bytes), align: 2
  Segment part 48.            Intra module refs:   Segment part 130
           ENTRY                   ADDRESS         REF BY
           =====                   =======         ======
           Signal_Buffer           200022DC        main (main)
    -------------------------------------------------------------------------
DATA_Z
  Relative segment, address: 20002408 - 20002533 (0x12c bytes), align: 2
  Segment part 49.            Intra module refs:   Erase_Draw
           ENTRY                   ADDRESS         REF BY
           =====                   =======         ======
           View_Buffer             20002408        Erase_Wave (Lcd)
                                                   main (main)
    -------------------------------------------------------------------------
DATA_I
  Relative segment, address: 20000028 - 20000157 (0x130 bytes), align: 2
  Segment part 50.            Intra module refs:   Erase_Draw
           ENTRY                   ADDRESS         REF BY
           =====                   =======         ======
           Ref_Buffer              20000028        Erase_Wave (Lcd)
                                                   main (main)
    -------------------------------------------------------------------------
DATA_I
  Relative segment, address: 20000158 - 2000017F (0x28 bytes), align: 2
  Segment part 52.            Intra module refs:   Segment part 117
                                                   Segment part 119
                                                   Segment part 122
                                                   Segment part 125
                                                   Segment part 128
                                                   Segment part 134
                                                   Segment part 138
                                                   Segment part 141
                                                   Segment part 146
                                                   Segment part 148
                                                   Segment part 152
                                                   Update_Item
           ENTRY                   ADDRESS         REF BY
           =====                   =======         ======
           Item_Index              20000158        Battery_Detect (HW_V1_Config)
                                                   Draw_View_Area (Lcd)
                                                   Set_Y_Pos (HW_V1_Config)
                                                   Timer_Configuration (HW_V1_Config)
                                                   main (main)
    -------------------------------------------------------------------------
DATA_I
  Relative segment, address: 200002B4 - 200002B5 (0x2 bytes), align: 1
  Segment part 54.            Intra module refs:   Segment part 118
                                                   Segment part 147
                                                   Update_Item
           ENTRY                   ADDRESS         REF BY
           =====                   =======         ======
           vt                      200002B4        Segment part 28 (Lcd)
                                                   Segment part 48 (Lcd)
                                                   Segment part 58 (Lcd)
                                                   main (main)
    -------------------------------------------------------------------------
DATA_I
  Relative segment, address: 200002B6 - 200002B7 (0x2 bytes), align: 1
  Segment part 56.            Intra module refs:   Update_Item
           ENTRY                   ADDRESS         REF BY
           =====                   =======         ======
           v0                      200002B6        Segment part 45 (Lcd)
                                                   Segment part 55 (Lcd)
                                                   Timer_Configuration (HW_V1_Config)
                                                   main (main)
    -------------------------------------------------------------------------
DATA_I
  Relative segment, address: 200002B8 - 200002B9 (0x2 bytes), align: 1
  Segment part 58.            Intra module refs:   Update_Item
           ENTRY                   ADDRESS         REF BY
           =====                   =======         ======
           v1                      200002B8        Segment part 22 (Lcd)
                                                   Segment part 34 (Lcd)
                                                   main (main)
    -------------------------------------------------------------------------
DATA_I
  Relative segment, address: 200002BA - 200002BB (0x2 bytes), align: 1
  Segment part 60.            Intra module refs:   Update_Item
           ENTRY                   ADDRESS         REF BY
           =====                   =======         ======
           v2                      200002BA        Segment part 23 (Lcd)
                                                   Segment part 35 (Lcd)
                                                   main (main)
    -------------------------------------------------------------------------
DATA_I
  Relative segment, address: 200002BC - 200002BD (0x2 bytes), align: 1
  Segment part 62.            Intra module refs:   Segment part 121
                                                   Segment part 133
           ENTRY                   ADDRESS         REF BY
           =====                   =======         ======
           t0                      200002BC        Draw_View_Area (Lcd)
    -------------------------------------------------------------------------
DATA_I
  Relative segment, address: 200002BE - 200002BF (0x2 bytes), align: 1
  Segment part 64.            Intra module refs:   Update_Item
           ENTRY                   ADDRESS         REF BY
           =====                   =======         ======
           t1                      200002BE        Segment part 24 (Lcd)
                                                   Segment part 31 (Lcd)
                                                   main (main)
    -------------------------------------------------------------------------
DATA_I
  Relative segment, address: 200002C0 - 200002C1 (0x2 bytes), align: 1
  Segment part 66.            Intra module refs:   Update_Item
           ENTRY                   ADDRESS         REF BY
           =====                   =======         ======
           t2                      200002C0        Segment part 25 (Lcd)
                                                   Segment part 32 (Lcd)
                                                   main (main)
    -------------------------------------------------------------------------
DATA_I
  Relative segment, address: 200002C2 - 200002C2 (0x1 bytes), align: 0
  Segment part 68.            Intra module refs:   Update_Item
           ENTRY                   ADDRESS         REF BY
           =====                   =======         ======
           Hide_vs                 200002C2        main (main)
    -------------------------------------------------------------------------
DATA_Z
  Relative segment, address: 20002A74 - 20002A74 (0x1 bytes), align: 0
  Segment part 70.            Intra module refs:   Update_Item
           ENTRY                   ADDRESS         REF BY
           =====                   =======         ======
           Hide_vt                 20002A74        Erase_SEG (Lcd)
                                                   main (main)
    -------------------------------------------------------------------------
DATA_I
  Relative segment, address: 200002C3 - 200002C3 (0x1 bytes), align: 0
  Segment part 71.            Intra module refs:   Update_Item
           ENTRY                   ADDRESS         REF BY
           =====                   =======         ======
           Hide_v0                 200002C3        main (main)
    -------------------------------------------------------------------------
DATA_Z
  Relative segment, address: 20002A75 - 20002A75 (0x1 bytes), align: 0
  Segment part 73.            Intra module refs:   Update_Item
           ENTRY                   ADDRESS         REF BY
           =====                   =======         ======
           Hide_v1                 20002A75        Erase_SEG (Lcd)
                                                   main (main)
    -------------------------------------------------------------------------
DATA_Z
  Relative segment, address: 20002A76 - 20002A76 (0x1 bytes), align: 0
  Segment part 74.            Intra module refs:   Update_Item
           ENTRY                   ADDRESS         REF BY
           =====                   =======         ======
           Hide_v2                 20002A76        Erase_SEG (Lcd)
                                                   main (main)
    -------------------------------------------------------------------------
DATA_Z
  Relative segment, address: 20002A77 - 20002A77 (0x1 bytes), align: 0
  Segment part 75.            Intra module refs:   Update_Item
           ENTRY                   ADDRESS         REF BY
           =====                   =======         ======
           Hide_t1                 20002A77        Erase_SEG (Lcd)
                                                   main (main)
    -------------------------------------------------------------------------
DATA_Z
  Relative segment, address: 20002A78 - 20002A78 (0x1 bytes), align: 0
  Segment part 76.            Intra module refs:   Update_Item
           ENTRY                   ADDRESS         REF BY
           =====                   =======         ======
           Hide_t2                 20002A78        Erase_SEG (Lcd)
                                                   main (main)
    -------------------------------------------------------------------------
DATA_Z
  Relative segment, address: 20002A79 - 20002A79 (0x1 bytes), align: 0
  Segment part 77.            Intra module refs:   Erase_Draw
           ENTRY                   ADDRESS         REF BY
           =====                   =======         ======
           Hide_Ref                20002A79        main (main)
    -------------------------------------------------------------------------
DATA_I
  Relative segment, address: 200002C4 - 200002C4 (0x1 bytes), align: 0
  Segment part 78.            Intra module refs:   Update_Item
           ENTRY                   ADDRESS         REF BY
           =====                   =======         ======
           Item                    200002C4        TIM3_IRQHandler (stm32f10x_it)
                                                   main (main)
    -------------------------------------------------------------------------
DATA_Z
  Relative segment, address: 20002534 - 20002537 (0x4 bytes), align: 2
  Segment part 80.            Intra module refs:   Segment part 154
                                                   Update_Item
           ENTRY                   ADDRESS         REF BY
           =====                   =======         ======
           Frequency               20002534 
    -------------------------------------------------------------------------
DATA_Z
  Relative segment, address: 20002538 - 2000253B (0x4 bytes), align: 2
  Segment part 81.            Intra module refs:   Segment part 155
                                                   Update_Item
           ENTRY                   ADDRESS         REF BY
           =====                   =======         ======
           Cycle                   20002538 
    -------------------------------------------------------------------------
DATA_Z
  Relative segment, address: 2000253C - 2000253F (0x4 bytes), align: 2
  Segment part 82.            Intra module refs:   Segment part 156
                                                   Update_Item
           ENTRY                   ADDRESS         REF BY
           =====                   =======         ======
           Duty                    2000253C 
    -------------------------------------------------------------------------
DATA_I
  Relative segment, address: 20000180 - 20000197 (0x18 bytes), align: 2
  Segment part 83.            Intra module refs:   Segment part 137
                                                   Update_Item
           ENTRY                   ADDRESS         REF BY
           =====                   =======         ======
           Update                  20000180        Battery_Detect (HW_V1_Config)
                                                   TIM3_IRQHandler (stm32f10x_it)
                                                   main (main)
    -------------------------------------------------------------------------
DATA_C
  Relative segment, address: 0800BF20 - 0800BF2B (0xc bytes), align: 2
  Segment part 85.            Intra module refs:   Update_Item
           ENTRY                   ADDRESS         REF BY
           =====                   =======         ======
           V_Unit                  0800BF20 
    -------------------------------------------------------------------------
DATA_C
  Relative segment, address: 0800BF2C - 0800BF37 (0xc bytes), align: 2
  Segment part 86.            Intra module refs:   Update_Item
           ENTRY                   ADDRESS         REF BY
           =====                   =======         ======
           T_Unit                  0800BF2C 
    -------------------------------------------------------------------------
DATA_C
  Relative segment, address: 0800BF38 - 0800BF47 (0x10 bytes), align: 2
  Segment part 87.            Intra module refs:   Update_Item
           ENTRY                   ADDRESS         REF BY
           =====                   =======         ======
           F_Unit                  0800BF38 
    -------------------------------------------------------------------------
DATA_C
  Relative segment, address: 0800BF48 - 0800BF5B (0x14 bytes), align: 2
  Segment part 88.            Intra module refs:   Update_Item
           ENTRY                   ADDRESS         REF BY
           =====                   =======         ======
           Battery_Status          0800BF48 
    -------------------------------------------------------------------------
DATA_C
  Relative segment, address: 0800BF5C - 0800BF67 (0xc bytes), align: 2
  Segment part 89.            Intra module refs:   Update_Item
           ENTRY                   ADDRESS         REF BY
           =====                   =======         ======
           Battery_Color           0800BF5C 
    -------------------------------------------------------------------------
DATA_C
  Relative segment, address: 0800BF68 - 0800BF7B (0x14 bytes), align: 2
  Segment part 90.            Intra module refs:   Update_Item
           ENTRY                   ADDRESS         REF BY
           =====                   =======         ======
           MODE_Unit               0800BF68 
    -------------------------------------------------------------------------
DATA_C
  Relative segment, address: 0800BF7C - 0800BF93 (0x18 bytes), align: 2
  Segment part 91.            Intra module refs:   Update_Item
           ENTRY                   ADDRESS         REF BY
           =====                   =======         ======
           TEST_Unit               0800BF7C 
    -------------------------------------------------------------------------
DATA_I
  Relative segment, address: 20000198 - 2000019B (0x4 bytes), align: 2
  Segment part 92.            Intra module refs:   Update_Item
           ENTRY                   ADDRESS         REF BY
           =====                   =======         ======
           FileNum                 20000198        main (main)
    -------------------------------------------------------------------------
DATA_Z
  Relative segment, address: 20002A5E - 20002A5F (0x2 bytes), align: 1
  Segment part 94.            Intra module refs:   Segment part 115
                                                   Segment part 144
           ENTRY                   ADDRESS         REF BY
           =====                   =======         ======
           Delay_Counter           20002A5E        TIM3_IRQHandler (stm32f10x_it)
                                                   main (main)
    -------------------------------------------------------------------------
DATA_Z
  Relative segment, address: 20002A60 - 20002A61 (0x2 bytes), align: 1
  Segment part 95.            Intra module refs:   Segment part 132
                                                   Segment part 140
           ENTRY                   ADDRESS         REF BY
           =====                   =======         ======
           X_Counter               20002A60 
    -------------------------------------------------------------------------
DATA_Z
  Relative segment, address: 20002A62 - 20002A63 (0x2 bytes), align: 1
  Segment part 96.            Intra module refs:   Measure_Wave
           ENTRY                   ADDRESS         REF BY
           =====                   =======         ======
           First_Edge              20002A62 
    -------------------------------------------------------------------------
DATA_Z
  Relative segment, address: 20002A64 - 20002A65 (0x2 bytes), align: 1
  Segment part 97.            Intra module refs:   Measure_Wave
           ENTRY                   ADDRESS         REF BY
           =====                   =======         ======
           Last_Edge               20002A64 
    -------------------------------------------------------------------------
DATA_Z
  Relative segment, address: 20002A66 - 20002A67 (0x2 bytes), align: 1
  Segment part 98.            Intra module refs:   Update_Item
           ENTRY                   ADDRESS         REF BY
           =====                   =======         ======
           temp                    20002A66        main (main)
    -------------------------------------------------------------------------
DATA_Z
  Relative segment, address: 20002A7A - 20002A7A (0x1 bytes), align: 0
  Segment part 99.
           ENTRY                   ADDRESS         REF BY
           =====                   =======         ======
           Counter_20mS            20002A7A        TIM3_IRQHandler (stm32f10x_it)
    -------------------------------------------------------------------------
DATA_Z
  Relative segment, address: 20002A7B - 20002A7B (0x1 bytes), align: 0
  Segment part 100.
           ENTRY                   ADDRESS         REF BY
           =====                   =======         ======
           Key_Repeat_Counter      20002A7B        KeyScan (HW_V1_Config)
                                                   TIM3_IRQHandler (stm32f10x_it)
    -------------------------------------------------------------------------
DATA_Z
  Relative segment, address: 20002A7C - 20002A7C (0x1 bytes), align: 0
  Segment part 101.
           ENTRY                   ADDRESS         REF BY
           =====                   =======         ======
           Key_Wait_Counter        20002A7C        KeyScan (HW_V1_Config)
                                                   TIM3_IRQHandler (stm32f10x_it)
    -------------------------------------------------------------------------
DATA_Z
  Relative segment, address: 20002A7D - 20002A7D (0x1 bytes), align: 0
  Segment part 102.
           ENTRY                   ADDRESS         REF BY
           =====                   =======         ======
           Cursor_Counter          20002A7D        TIM3_IRQHandler (stm32f10x_it)
                                                   main (main)
    -------------------------------------------------------------------------
DATA_Z
  Relative segment, address: 20002A7E - 20002A7E (0x1 bytes), align: 0
  Segment part 103.           Intra module refs:   Segment part 151
                                                   Update_Item
           ENTRY                   ADDRESS         REF BY
           =====                   =======         ======
           Type                    20002A7E        TIM3_IRQHandler (stm32f10x_it)
    -------------------------------------------------------------------------
DATA_Z
  Relative segment, address: 20002A7F - 20002A7F (0x1 bytes), align: 0
  Segment part 104.
           ENTRY                   ADDRESS         REF BY
           =====                   =======         ======
           Key_Buffer              20002A7F        TIM3_IRQHandler (stm32f10x_it)
                                                   main (main)
    -------------------------------------------------------------------------
DATA_Z
  Relative segment, address: 20002A80 - 20002A80 (0x1 bytes), align: 0
  Segment part 106.           Intra module refs:   Segment part 126
                                                   Segment part 143
           ENTRY                   ADDRESS         REF BY
           =====                   =======         ======
           Sync                    20002A80        main (main)
    -------------------------------------------------------------------------
DATA_Z
  Relative segment, address: 20002A81 - 20002A81 (0x1 bytes), align: 0
  Segment part 108.           Intra module refs:   Segment part 139
           ENTRY                   ADDRESS         REF BY
           =====                   =======         ======
           Frame                   20002A81        main (main)
    -------------------------------------------------------------------------
DATA_Z
  Relative segment, address: 20002A82 - 20002A82 (0x1 bytes), align: 0
  Segment part 109.           Intra module refs:   Segment part 142
           ENTRY                   ADDRESS         REF BY
           =====                   =======         ======
           Stop                    20002A82        main (main)
    -------------------------------------------------------------------------
DATA_I
  Relative segment, address: 2000019C - 2000019F (0x4 bytes), align: 2
  Segment part 110.
           ENTRY                   ADDRESS         REF BY
           =====                   =======         ======
           vb_Sum                  2000019C        Battery_Detect (HW_V1_Config)
    -------------------------------------------------------------------------
DATA_Z
  Relative segment, address: 20002540 - 20002543 (0x4 bytes), align: 2
  Segment part 112.
           ENTRY                   ADDRESS         REF BY
           =====                   =======         ======
           Battery                 20002540        Battery_Detect (HW_V1_Config)
    -------------------------------------------------------------------------
DATA_Z
  Relative segment, address: 20002544 - 20002553 (0x10 bytes), align: 2
  Segment part 113.           Intra module refs:   Update_Item
           ENTRY                   ADDRESS         REF BY
           =====                   =======         ======
           Num                     20002544 
    -------------------------------------------------------------------------
CODE
  Relative segment, address: 080048F0 - 080048FD (0xe bytes), align: 2
  Segment part 114.
           ENTRY                   ADDRESS         REF BY
           =====                   =======         ======
           Delayms                 080048F1        LCD_Initial (Lcd)
    -------------------------------------------------------------------------
CODE
  Relative segment, address: 08004900 - 08004903 (0x4 bytes), align: 2
  Segment part 115.           Intra module refs:   Delayms
    -------------------------------------------------------------------------
CODE
  Relative segment, address: 08004904 - 080049F7 (0xf4 bytes), align: 2
  Segment part 116.           Intra module refs:   Scan_Wave
           ENTRY                   ADDRESS         REF BY
           =====                   =======         ======
           Sync_Trig               08004905 
    -------------------------------------------------------------------------
CODE
  Relative segment, address: 080049F8 - 080049FB (0x4 bytes), align: 2
  Segment part 117.           Intra module refs:   Sync_Trig
    -------------------------------------------------------------------------
CODE
  Relative segment, address: 080049FC - 080049FF (0x4 bytes), align: 2
  Segment part 118.           Intra module refs:   Sync_Trig
    -------------------------------------------------------------------------
CODE
  Relative segment, address: 08004A00 - 08004A03 (0x4 bytes), align: 2
  Segment part 119.           Intra module refs:   Sync_Trig
    -------------------------------------------------------------------------
CODE
  Relative segment, address: 08004A04 - 08004B53 (0x150 bytes), align: 2
  Segment part 120.           Intra module refs:   Scan_Wave
           ENTRY                   ADDRESS         REF BY
           =====                   =======         ======
           Signal_Process          08004A05 
               stack 1 = 00000000 ( 00000018 )
    -------------------------------------------------------------------------
CODE
  Relative segment, address: 08004B54 - 08004B57 (0x4 bytes), align: 2
  Segment part 121.           Intra module refs:   Signal_Process
                                                   Sync_Trig
    -------------------------------------------------------------------------
CODE
  Relative segment, address: 08004B58 - 08004B5B (0x4 bytes), align: 2
  Segment part 122.           Intra module refs:   Signal_Process
                                                   Sync_Trig
    -------------------------------------------------------------------------
CODE
  Relative segment, address: 08004B5C - 08004B5F (0x4 bytes), align: 2
  Segment part 123.           Intra module refs:   Signal_Process
                                                   Sync_Trig
    -------------------------------------------------------------------------
CODE
  Relative segment, address: 08004B60 - 08004B63 (0x4 bytes), align: 2
  Segment part 124.           Intra module refs:   Signal_Process
                                                   Sync_Trig
    -------------------------------------------------------------------------
CODE
  Relative segment, address: 08004B64 - 08004B67 (0x4 bytes), align: 2
  Segment part 125.           Intra module refs:   Signal_Process
    -------------------------------------------------------------------------
CODE
  Relative segment, address: 08004B68 - 08004B6B (0x4 bytes), align: 2
  Segment part 126.           Intra module refs:   Signal_Process
                                                   Sync_Trig
    -------------------------------------------------------------------------
CODE
  Relative segment, address: 08004B6C - 08004B6F (0x4 bytes), align: 2
  Segment part 127.           Intra module refs:   Signal_Process
                                                   Sync_Trig
    -------------------------------------------------------------------------
CODE
  Relative segment, address: 08004B70 - 08004B73 (0x4 bytes), align: 2
  Segment part 128.           Intra module refs:   Signal_Process
    -------------------------------------------------------------------------
CODE
  Relative segment, address: 08004B74 - 08004CC3 (0x150 bytes), align: 2
  Segment part 129.           Intra module refs:   Scan_Wave
           ENTRY                   ADDRESS         REF BY
           =====                   =======         ======
           Erase_Draw              08004B75 
               stack 1 = 00000000 ( 00000018 )
    -------------------------------------------------------------------------
CODE
  Relative segment, address: 08004CC4 - 08004CC7 (0x4 bytes), align: 2
  Segment part 130.           Intra module refs:   Erase_Draw
                                                   Signal_Process
    -------------------------------------------------------------------------
CODE
  Relative segment, address: 08004CC8 - 08004CCB (0x4 bytes), align: 2
  Segment part 131.           Intra module refs:   Erase_Draw
    -------------------------------------------------------------------------
CODE
  Relative segment, address: 08004CCC - 08004CCF (0x4 bytes), align: 2
  Segment part 132.           Intra module refs:   Erase_Draw
                                                   Signal_Process
                                                   Sync_Trig
    -------------------------------------------------------------------------
CODE
  Relative segment, address: 08004CD0 - 08004CD3 (0x4 bytes), align: 2
  Segment part 133.           Intra module refs:   Erase_Draw
    -------------------------------------------------------------------------
CODE
  Relative segment, address: 08004CD4 - 08004CD7 (0x4 bytes), align: 2
  Segment part 134.           Intra module refs:   Erase_Draw
                                                   Signal_Process
    -------------------------------------------------------------------------
CODE
  Relative segment, address: 08004CD8 - 08004E7D (0x1a6 bytes), align: 2
  Segment part 135.
           ENTRY                   ADDRESS         REF BY
           =====                   =======         ======
           Scan_Wave               08004CD9        main (main)
               stack 1 = 00000000 ( 00000004 )
    -------------------------------------------------------------------------
CODE
  Relative segment, address: 08004E80 - 08004E83 (0x4 bytes), align: 2
  Segment part 136.           Intra module refs:   Erase_Draw
                                                   Scan_Wave
    -------------------------------------------------------------------------
CODE
  Relative segment, address: 08004E84 - 08004E87 (0x4 bytes), align: 2
  Segment part 137.           Intra module refs:   Scan_Wave
    -------------------------------------------------------------------------
CODE
  Relative segment, address: 08004E88 - 08004E8B (0x4 bytes), align: 2
  Segment part 138.           Intra module refs:   Erase_Draw
                                                   Scan_Wave
    -------------------------------------------------------------------------
CODE
  Relative segment, address: 08004E8C - 08004E8F (0x4 bytes), align: 2
  Segment part 139.           Intra module refs:   Erase_Draw
                                                   Scan_Wave
    -------------------------------------------------------------------------
CODE
  Relative segment, address: 08004E90 - 08004E93 (0x4 bytes), align: 2
  Segment part 140.           Intra module refs:   Scan_Wave
    -------------------------------------------------------------------------
CODE
  Relative segment, address: 08004E94 - 08004E97 (0x4 bytes), align: 2
  Segment part 141.           Intra module refs:   Scan_Wave
    -------------------------------------------------------------------------
CODE
  Relative segment, address: 08004E98 - 08004E9B (0x4 bytes), align: 2
  Segment part 142.           Intra module refs:   Erase_Draw
                                                   Scan_Wave
    -------------------------------------------------------------------------
CODE
  Relative segment, address: 08004E9C - 08004E9F (0x4 bytes), align: 2
  Segment part 143.           Intra module refs:   Erase_Draw
                                                   Scan_Wave
    -------------------------------------------------------------------------
CODE
  Relative segment, address: 08004EA0 - 08004EA3 (0x4 bytes), align: 2
  Segment part 144.           Intra module refs:   Erase_Draw
                                                   Scan_Wave
    -------------------------------------------------------------------------
CODE
  Relative segment, address: 08004EA4 - 08005067 (0x1c4 bytes), align: 2
  Segment part 145.           Intra module refs:   Signal_Process
           ENTRY                   ADDRESS         REF BY
           =====                   =======         ======
           Measure_Wave            08004EA5 
               stack 1 = 00000000 ( 0000001C )
    -------------------------------------------------------------------------
CODE
  Relative segment, address: 08005068 - 0800506B (0x4 bytes), align: 2
  Segment part 146.           Intra module refs:   Measure_Wave
    -------------------------------------------------------------------------
CODE
  Relative segment, address: 0800506C - 0800506F (0x4 bytes), align: 2
  Segment part 147.           Intra module refs:   Measure_Wave
    -------------------------------------------------------------------------
CODE
  Relative segment, address: 08005070 - 08005073 (0x4 bytes), align: 2
  Segment part 148.           Intra module refs:   Measure_Wave
    -------------------------------------------------------------------------
CODE
  Relative segment, address: 08005074 - 08005077 (0x4 bytes), align: 2
  Segment part 149.           Intra module refs:   Measure_Wave
    -------------------------------------------------------------------------
CODE
  Relative segment, address: 08005078 - 0800507B (0x4 bytes), align: 2
  Segment part 150.           Intra module refs:   Measure_Wave
    -------------------------------------------------------------------------
CODE
  Relative segment, address: 0800507C - 0800507F (0x4 bytes), align: 2
  Segment part 151.           Intra module refs:   Measure_Wave
    -------------------------------------------------------------------------
CODE
  Relative segment, address: 08005080 - 08005083 (0x4 bytes), align: 2
  Segment part 152.           Intra module refs:   Measure_Wave
    -------------------------------------------------------------------------
CODE
  Relative segment, address: 08005084 - 08005087 (0x4 bytes), align: 2
  Segment part 153.           Intra module refs:   Measure_Wave
    -------------------------------------------------------------------------
CODE
  Relative segment, address: 08005088 - 0800508B (0x4 bytes), align: 2
  Segment part 154.           Intra module refs:   Measure_Wave
    -------------------------------------------------------------------------
CODE
  Relative segment, address: 0800508C - 0800508F (0x4 bytes), align: 2
  Segment part 155.           Intra module refs:   Measure_Wave
    -------------------------------------------------------------------------
CODE
  Relative segment, address: 08005090 - 08005093 (0x4 bytes), align: 2
  Segment part 156.           Intra module refs:   Measure_Wave
    -------------------------------------------------------------------------
CODE
  Relative segment, address: 08005094 - 08005E1F (0xd8c bytes), align: 2
  Segment part 157.
           ENTRY                   ADDRESS         REF BY
           =====                   =======         ======
           Update_Item             08005095        main (main)
               stack 1 = 00000000 ( 00000010 )
    -------------------------------------------------------------------------
DATA_ID
  Relative segment, address: 0800B7A0 - 0800B7C7 (0x28 bytes), align: 2
  Segment part 38.            Intra module refs:   Km
    -------------------------------------------------------------------------
DATA_ID
  Relative segment, address: 0800B7C8 - 0800B8F7 (0x130 bytes), align: 2
  Segment part 51.            Intra module refs:   Ref_Buffer
    -------------------------------------------------------------------------
DATA_ID
  Relative segment, address: 0800B8F8 - 0800B91F (0x28 bytes), align: 2
  Segment part 53.            Intra module refs:   Item_Index
    -------------------------------------------------------------------------
DATA_ID
  Relative segment, address: 0800BA54 - 0800BA55 (0x2 bytes), align: 1
  Segment part 55.            Intra module refs:   vt
    -------------------------------------------------------------------------
DATA_ID
  Relative segment, address: 0800BA56 - 0800BA57 (0x2 bytes), align: 1
  Segment part 57.            Intra module refs:   v0
    -------------------------------------------------------------------------
DATA_ID
  Relative segment, address: 0800BA58 - 0800BA59 (0x2 bytes), align: 1
  Segment part 59.            Intra module refs:   v1
    -------------------------------------------------------------------------
DATA_ID
  Relative segment, address: 0800BA5A - 0800BA5B (0x2 bytes), align: 1
  Segment part 61.            Intra module refs:   v2
    -------------------------------------------------------------------------
DATA_ID
  Relative segment, address: 0800BA5C - 0800BA5D (0x2 bytes), align: 1
  Segment part 63.            Intra module refs:   t0
    -------------------------------------------------------------------------
DATA_ID
  Relative segment, address: 0800BA5E - 0800BA5F (0x2 bytes), align: 1
  Segment part 65.            Intra module refs:   t1
    -------------------------------------------------------------------------
DATA_ID
  Relative segment, address: 0800BA60 - 0800BA61 (0x2 bytes), align: 1
  Segment part 67.            Intra module refs:   t2
    -------------------------------------------------------------------------
DATA_ID
  Relative segment, address: 0800BA62 - 0800BA62 (0x1 bytes), align: 0
  Segment part 69.            Intra module refs:   Hide_vs
    -------------------------------------------------------------------------
DATA_ID
  Relative segment, address: 0800BA63 - 0800BA63 (0x1 bytes), align: 0
  Segment part 72.            Intra module refs:   Hide_v0
    -------------------------------------------------------------------------
DATA_ID
  Relative segment, address: 0800BA64 - 0800BA64 (0x1 bytes), align: 0
  Segment part 79.            Intra module refs:   Item
    -------------------------------------------------------------------------
DATA_ID
  Relative segment, address: 0800B920 - 0800B937 (0x18 bytes), align: 2
  Segment part 84.            Intra module refs:   Update
    -------------------------------------------------------------------------
DATA_ID
  Relative segment, address: 0800B938 - 0800B93B (0x4 bytes), align: 2
  Segment part 93.            Intra module refs:   FileNum
    -------------------------------------------------------------------------
DATA_ID
  Relative segment, address: 0800B93C - 0800B93F (0x4 bytes), align: 2
  Segment part 111.           Intra module refs:   vb_Sum
    -------------------------------------------------------------------------
INITTAB
  Relative segment, address: 0800B794 - 0800B79F (0xc bytes), align: 2
  Segment part 189. ROOT.
           ENTRY                   ADDRESS         REF BY
           =====                   =======         ======
           ?init?tab?DATA_I        0800B794 

    *************************************************************************

  FILE NAME : E:\My File\other\DSO\DS0201_OpenSource\DS0201_APP\project\EWARM\Debug_FLASH\Obj\HW_V1_Config.r79
  PROGRAM MODULE, NAME : HW_V1_Config

  SEGMENTS IN THE MODULE
  ======================
DATA_Z
  Relative segment, address: 20002A83 - 20002A83 (0x1 bytes), align: 0
  Segment part 2.             Intra module refs:   KeyScan
           ENTRY                   ADDRESS         REF BY
           =====                   =======         ======
           Key_Status_Last         20002A83 
    -------------------------------------------------------------------------
DATA_Z
  Relative segment, address: 20002A84 - 20002A84 (0x1 bytes), align: 0
  Segment part 3.             Intra module refs:   Set_System
           ENTRY                   ADDRESS         REF BY
           =====                   =======         ======
           HSEStartUpStatus        20002A84 
    -------------------------------------------------------------------------
CODE
  Relative segment, address: 08005E20 - 08005EC7 (0xa8 bytes), align: 2
  Segment part 4.
           ENTRY                   ADDRESS         REF BY
           =====                   =======         ======
           Set_System              08005E21        main (main)
               stack 1 = 00000000 ( 00000004 )
    -------------------------------------------------------------------------
CODE
  Relative segment, address: 08005EC8 - 08005F79 (0xb2 bytes), align: 2
  Segment part 5.
           ENTRY                   ADDRESS         REF BY
           =====                   =======         ======
           NVIC_Configuration      08005EC9        main (main)
               stack 1 = 00000000 ( 00000008 )
    -------------------------------------------------------------------------
CODE
  Relative segment, address: 08005F7C - 08006043 (0xc8 bytes), align: 2
  Segment part 6.
           ENTRY                   ADDRESS         REF BY
           =====                   =======         ======
           GPIO_Config             08005F7D        main (main)
    -------------------------------------------------------------------------
CODE
  Relative segment, address: 08006044 - 08006095 (0x52 bytes), align: 2
  Segment part 7.
           ENTRY                   ADDRESS         REF BY
           =====                   =======         ======
           SPI_Config              08006045        MSD_Init (msd)
               stack 1 = 00000000 ( 00000018 )
    -------------------------------------------------------------------------
CODE
  Relative segment, address: 08006098 - 0800609B (0x4 bytes), align: 2
  Segment part 8.             Intra module refs:   SPI_Config
    -------------------------------------------------------------------------
CODE
  Relative segment, address: 0800609C - 080060E3 (0x48 bytes), align: 2
  Segment part 9.
           ENTRY                   ADDRESS         REF BY
           =====                   =======         ======
           DMA_Configuration       0800609D        main (main)
    -------------------------------------------------------------------------
CODE
  Relative segment, address: 080060E4 - 080060E7 (0x4 bytes), align: 2
  Segment part 10.            Intra module refs:   DMA_Configuration
    -------------------------------------------------------------------------
CODE
  Relative segment, address: 080060E8 - 080060EB (0x4 bytes), align: 2
  Segment part 11.            Intra module refs:   DMA_Configuration
    -------------------------------------------------------------------------
CODE
  Relative segment, address: 080060EC - 080060EF (0x4 bytes), align: 2
  Segment part 12.            Intra module refs:   DMA_Configuration
    -------------------------------------------------------------------------
CODE
  Relative segment, address: 080060F0 - 080060F3 (0x4 bytes), align: 2
  Segment part 13.            Intra module refs:   DMA_Configuration
    -------------------------------------------------------------------------
CODE
  Relative segment, address: 080060F4 - 080061CB (0xd8 bytes), align: 2
  Segment part 14.
           ENTRY                   ADDRESS         REF BY
           =====                   =======         ======
           ADC_Configuration       080060F5        main (main)
    -------------------------------------------------------------------------
CODE
  Relative segment, address: 080061CC - 0800632B (0x160 bytes), align: 2
  Segment part 15.
           ENTRY                   ADDRESS         REF BY
           =====                   =======         ======
           Timer_Configuration     080061CD        main (main)
               stack 1 = 00000000 ( 00000004 )
    -------------------------------------------------------------------------
CODE
  Relative segment, address: 0800632C - 0800643B (0x110 bytes), align: 2
  Segment part 16.
           ENTRY                   ADDRESS         REF BY
           =====                   =======         ======
           KeyScan                 0800632D        TIM3_IRQHandler (stm32f10x_it)
               stack 1 = 00000000 ( 00000004 )
    -------------------------------------------------------------------------
CODE
  Relative segment, address: 0800643C - 0800643F (0x4 bytes), align: 2
  Segment part 17.            Intra module refs:   KeyScan
    -------------------------------------------------------------------------
CODE
  Relative segment, address: 08006440 - 0800646D (0x2e bytes), align: 2
  Segment part 18.
           ENTRY                   ADDRESS         REF BY
           =====                   =======         ======
           MSD_WriteByte           08006441        MSD_GetCSDRegister (msd)
                                                   MSD_GoIdleState (msd)
                                                   MSD_Init (msd)
                                                   MSD_ReadBlock (msd)
                                                   MSD_SendCmd (msd)
                                                   MSD_WriteBlock (msd)
               stack 1 = 00000000 ( 00000008 )
    -------------------------------------------------------------------------
CODE
  Relative segment, address: 08006470 - 080064A5 (0x36 bytes), align: 2
  Segment part 19.
           ENTRY                   ADDRESS         REF BY
           =====                   =======         ======
           MSD_ReadByte            08006471        MSD_GetCSDRegister (msd)
                                                   MSD_GetDataResponse (msd)
                                                   MSD_GetResponse (msd)
                                                   MSD_ReadBlock (msd)
                                                   MSD_WriteBlock (msd)
               stack 1 = 00000000 ( 00000008 )
    -------------------------------------------------------------------------
CODE
  Relative segment, address: 080064A8 - 080064AB (0x4 bytes), align: 2
  Segment part 20.            Intra module refs:   MSD_ReadByte
                                                   MSD_WriteByte
    -------------------------------------------------------------------------
CODE
  Relative segment, address: 080064AC - 0800652F (0x84 bytes), align: 2
  Segment part 21.
           ENTRY                   ADDRESS         REF BY
           =====                   =======         ======
           Battery_Detect          080064AD        Erase_Draw (Function)
                                                   main (main)
    -------------------------------------------------------------------------
CODE
  Relative segment, address: 08006530 - 08006623 (0xf4 bytes), align: 2
  Segment part 22.
           ENTRY                   ADDRESS         REF BY
           =====                   =======         ======
           Set_Range               08006531        Update_Item (Function)
               stack 1 = 00000000 ( 00000004 )
    -------------------------------------------------------------------------
CODE
  Relative segment, address: 08006624 - 08006673 (0x50 bytes), align: 2
  Segment part 23.            Intra module refs:   Timer_Configuration
           ENTRY                   ADDRESS         REF BY
           =====                   =======         ======
           Set_Base                08006625        Update_Item (Function)
    -------------------------------------------------------------------------
CODE
  Relative segment, address: 08006674 - 08006695 (0x22 bytes), align: 2
  Segment part 24.
           ENTRY                   ADDRESS         REF BY
           =====                   =======         ======
           ADC_Start               08006675        Signal_Process (Function)
                                                   main (main)
    -------------------------------------------------------------------------
CODE
  Relative segment, address: 08006698 - 0800669B (0x4 bytes), align: 2
  Segment part 25.            Intra module refs:   ADC_Start
    -------------------------------------------------------------------------
CODE
  Relative segment, address: 0800669C - 0800669F (0x4 bytes), align: 2
  Segment part 26.            Intra module refs:   ADC_Start
    -------------------------------------------------------------------------
CODE
  Relative segment, address: 080066A0 - 080066A3 (0x4 bytes), align: 2
  Segment part 27.            Intra module refs:   ADC_Start
    -------------------------------------------------------------------------
CODE
[...]
                                                   SetEPTxAddr
    -------------------------------------------------------------------------
CODE
  Relative segment, address: 0800B3F8 - 0800B3FB (0x4 bytes), align: 2
  Segment part 63.            Intra module refs:   GetEPRxAddr
                                                   GetEPRxCount
                                                   GetEPTxAddr
                                                   SetEPRxAddr
                                                   SetEPRxCount
                                                   SetEPTxAddr
                                                   SetEPTxCount
    -------------------------------------------------------------------------
CODE
  Relative segment, address: 0800B3FC - 0800B3FF (0x4 bytes), align: 2
  Segment part 64.            Intra module refs:   GetEPRxAddr
                                                   SetEPRxAddr
    -------------------------------------------------------------------------
CODE
  Relative segment, address: 0800B400 - 0800B403 (0x4 bytes), align: 2
  Segment part 66.            Intra module refs:   SetEPTxCount
    -------------------------------------------------------------------------
CODE
  Relative segment, address: 0800B404 - 0800B407 (0x4 bytes), align: 2
  Segment part 67.            Intra module refs:   GetEPRxCount
                                                   SetEPRxCount
    -------------------------------------------------------------------------
CODE
  Relative segment, address: 0800B408 - 0800B41D (0x16 bytes), align: 2
  Segment part 80.
           ENTRY                   ADDRESS         REF BY
           =====                   =======         ======
           ByteSwap                0800B409        Setup0_Process (usb_core)

    *************************************************************************

  FILE NAME : E:\My File\other\DSO\DS0201_OpenSource\DS0201_APP\project\EWARM\Debug_FLASH\Obj\usb_scsi.r79
  PROGRAM MODULE, NAME : usb_scsi

  SEGMENTS IN THE MODULE
  ======================
DATA_Z
  Relative segment, address: 20002A44 - 20002A47 (0x4 bytes), align: 2
  Segment part 2.
           ENTRY                   ADDRESS         REF BY
           =====                   =======         ======
           Mass_Memory_Size        20002A44        Segment part 18 (memory)
    -------------------------------------------------------------------------
DATA_Z
  Relative segment, address: 20002A48 - 20002A4B (0x4 bytes), align: 2
  Segment part 3.             Intra module refs:   Segment part 9
           ENTRY                   ADDRESS         REF BY
           =====                   =======         ======
           Mass_Block_Size         20002A48        Segment part 17 (memory)
    -------------------------------------------------------------------------
DATA_Z
  Relative segment, address: 20002A4C - 20002A4F (0x4 bytes), align: 2
  Segment part 4.             Intra module refs:   Segment part 8
           ENTRY                   ADDRESS         REF BY
           =====                   =======         ======
           Mass_Block_Count        20002A4C        Get_Medium_Characteristics (memory)
    -------------------------------------------------------------------------
CODE
  Relative segment, address: 0800B420 - 0800B463 (0x44 bytes), align: 2
  Segment part 5.
           ENTRY                   ADDRESS         REF BY
           =====                   =======         ======
           SCSI_Inquiry_Cmd        0800B421        CBW_Decode (usb_bot)
               stack 1 = 00000000 ( 0000000C )
    -------------------------------------------------------------------------
CODE
  Relative segment, address: 0800B464 - 0800B4D3 (0x70 bytes), align: 2
  Segment part 6.
           ENTRY                   ADDRESS         REF BY
           =====                   =======         ======
           SCSI_ReadFormatCapacity_Cmd
                                   0800B465        CBW_Decode (usb_bot)
               stack 1 = 00000000 ( 00000004 )
    -------------------------------------------------------------------------
CODE
  Relative segment, address: 0800B4D4 - 0800B553 (0x80 bytes), align: 2
  Segment part 7.
           ENTRY                   ADDRESS         REF BY
           =====                   =======         ======
           SCSI_ReadCapacity10_Cmd
                                   0800B4D5        CBW_Decode (usb_bot)
               stack 1 = 00000000 ( 00000004 )
    -------------------------------------------------------------------------
CODE
  Relative segment, address: 0800B554 - 0800B557 (0x4 bytes), align: 2
  Segment part 8.             Intra module refs:   SCSI_ReadCapacity10_Cmd
                                                   SCSI_ReadFormatCapacity_Cmd
    -------------------------------------------------------------------------
CODE
  Relative segment, address: 0800B558 - 0800B55B (0x4 bytes), align: 2
  Segment part 9.             Intra module refs:   SCSI_ReadCapacity10_Cmd
                                                   SCSI_ReadFormatCapacity_Cmd
    -------------------------------------------------------------------------
CODE
  Relative segment, address: 0800B55C - 0800B56B (0x10 bytes), align: 2
  Segment part 10.
           ENTRY                   ADDRESS         REF BY
           =====                   =======         ======
           SCSI_ModeSense6_Cmd     0800B55D        CBW_Decode (usb_bot)
               stack 1 = 00000000 ( 00000004 )
    -------------------------------------------------------------------------
CODE
  Relative segment, address: 0800B56C - 0800B57B (0x10 bytes), align: 2
  Segment part 11.
           ENTRY                   ADDRESS         REF BY
           =====                   =======         ======
           SCSI_ModeSense10_Cmd    0800B56D        CBW_Decode (usb_bot)
               stack 1 = 00000000 ( 00000004 )
    -------------------------------------------------------------------------
CODE
  Relative segment, address: 0800B57C - 0800B5A7 (0x2c bytes), align: 2
  Segment part 12.
           ENTRY                   ADDRESS         REF BY
           =====                   =======         ======
           SCSI_RequestSense_Cmd   0800B57D        CBW_Decode (usb_bot)
               stack 1 = 00000000 ( 00000008 )
    -------------------------------------------------------------------------
CODE
  Relative segment, address: 0800B5A8 - 0800B5AB (0x4 bytes), align: 2
  Segment part 13.            Intra module refs:   SCSI_Inquiry_Cmd
                                                   SCSI_RequestSense_Cmd
    -------------------------------------------------------------------------
CODE
  Relative segment, address: 0800B5AC - 0800B5BF (0x14 bytes), align: 2
  Segment part 14.            Intra module refs:   SCSI_Invalid_Cmd
                                                   SCSI_Read10_Cmd
                                                   SCSI_Valid_Cmd
                                                   SCSI_Verify10_Cmd
                                                   SCSI_Write10_Cmd
           ENTRY                   ADDRESS         REF BY
           =====                   =======         ======
           Set_Scsi_Sense_Data     0800B5AD        Address_Management_Test (memory)
                                                   CBW_Decode (usb_bot)
                                                   Mass_Storage_Out (usb_bot)
    -------------------------------------------------------------------------
CODE
  Relative segment, address: 0800B5C0 - 0800B5CB (0xc bytes), align: 2
  Segment part 15.
           ENTRY                   ADDRESS         REF BY
           =====                   =======         ======
           SCSI_Start_Stop_Unit_Cmd
                                   0800B5C1        CBW_Decode (usb_bot)
               stack 1 = 00000000 ( 00000004 )
    -------------------------------------------------------------------------
CODE
  Relative segment, address: 0800B5CC - 0800B619 (0x4e bytes), align: 2
  Segment part 16.
           ENTRY                   ADDRESS         REF BY
           =====                   =======         ======
           SCSI_Read10_Cmd         0800B5CD        CBW_Decode (usb_bot)
                                                   Mass_Storage_In (usb_bot)
               stack 1 = 00000000 ( 00000004 )
    -------------------------------------------------------------------------
CODE
  Relative segment, address: 0800B61C - 0800B66F (0x54 bytes), align: 2
  Segment part 17.
           ENTRY                   ADDRESS         REF BY
           =====                   =======         ======
           SCSI_Write10_Cmd        0800B61D        CBW_Decode (usb_bot)
                                                   Mass_Storage_Out (usb_bot)
               stack 1 = 00000000 ( 00000004 )
    -------------------------------------------------------------------------
CODE
  Relative segment, address: 0800B670 - 0800B673 (0x4 bytes), align: 2
  Segment part 18.            Intra module refs:   SCSI_Read10_Cmd
                                                   SCSI_Write10_Cmd
    -------------------------------------------------------------------------
CODE
  Relative segment, address: 0800B674 - 0800B6A7 (0x34 bytes), align: 2
  Segment part 19.
           ENTRY                   ADDRESS         REF BY
           =====                   =======         ======
           SCSI_Verify10_Cmd       0800B675        CBW_Decode (usb_bot)
               stack 1 = 00000000 ( 00000004 )
    -------------------------------------------------------------------------
CODE
  Relative segment, address: 0800B6A8 - 0800B6AB (0x4 bytes), align: 2
  Segment part 20.            Intra module refs:   SCSI_Inquiry_Cmd
                                                   SCSI_Verify10_Cmd
    -------------------------------------------------------------------------
CODE
  Relative segment, address: 0800B6AC - 0800B6D7 (0x2c bytes), align: 2
  Segment part 21.
           ENTRY                   ADDRESS         REF BY
           =====                   =======         ======
           SCSI_Valid_Cmd          0800B6AD        CBW_Decode (usb_bot)
               stack 1 = 00000000 ( 00000004 )
    -------------------------------------------------------------------------
CODE
  Relative segment, address: 0800B6D8 - 0800B711 (0x3a bytes), align: 2
  Segment part 22.
           ENTRY                   ADDRESS         REF BY
           =====                   =======         ======
           SCSI_Invalid_Cmd        0800B6D9        CBW_Decode (usb_bot)
               stack 1 = 00000000 ( 00000004 )
    -------------------------------------------------------------------------
CODE
  Relative segment, address: 0800B714 - 0800B717 (0x4 bytes), align: 2
  Segment part 23.            Intra module refs:   SCSI_Invalid_Cmd
                                                   SCSI_Valid_Cmd
                                                   SCSI_Verify10_Cmd
    -------------------------------------------------------------------------
CODE
  Relative segment, address: 0800B718 - 0800B71B (0x4 bytes), align: 2
  Segment part 24.            Intra module refs:   SCSI_Invalid_Cmd
                                                   SCSI_Read10_Cmd
                                                   SCSI_Write10_Cmd

    *************************************************************************

  FILE NAME : D:\Program Files\Embedded Workbench 4.0 Evaluation\ARM\LIB\dl7mptnnl8n.r79
  LIBRARY MODULE, NAME : ?low_level_init

  SEGMENTS IN THE MODULE
  ======================
ICODE
  Relative segment, address: 080040EC - 080040EF (0x4 bytes), align: 2
  Segment part 2.
           ENTRY                   ADDRESS         REF BY
           =====                   =======         ======
           __low_level_init        080040ED        __program_start (?CMAIN)

    -------------------------------------------------------------------------
  LIBRARY MODULE, NAME : ?segment_init

  SEGMENTS IN THE MODULE
  ======================
ICODE
  Relative segment, address: 080040F0 - 0800411F (0x30 bytes), align: 2
  Segment part 2.
           ENTRY                   ADDRESS         REF BY
           =====                   =======         ======
           __segment_init          080040F1        __program_start (?CMAIN)
               stack 1 = 00000000 ( 00000008 )

    -------------------------------------------------------------------------
  LIBRARY MODULE, NAME : ?__dbg_break

  SEGMENTS IN THE MODULE
  ======================
CODE
  Relative segment, address: 0800B71C - 0800B71D (0x2 bytes), align: 2
  Segment part 2.
           ENTRY                   ADDRESS         REF BY
           =====                   =======         ======
           __DebugBreak            0800B71D        __exit (?__exit)

    -------------------------------------------------------------------------
  LIBRARY MODULE, NAME : ?__exit

  SEGMENTS IN THE MODULE
  ======================
CODE
  Relative segment, address: 0800B720 - 0800B731 (0x12 bytes), align: 2
  Segment part 2.
           ENTRY                   ADDRESS         REF BY
           =====                   =======         ======
           __exit                  0800B721        Segment part 5 (?_EXIT)
               stack 1 = 00000000 ( 0000000C )

    -------------------------------------------------------------------------
  LIBRARY MODULE, NAME : ?exit

  SEGMENTS IN THE MODULE
  ======================
CODE
  Relative segment, address: 0800B734 - 0800B737 (0x4 bytes), align: 2
  Segment part 2.
           ENTRY                   ADDRESS         REF BY
           =====                   =======         ======
           exit                    0800B735        _main (?CMAIN)
               stack 1 = 00000000 ( 00000004 )

    -------------------------------------------------------------------------
  LIBRARY MODULE, NAME : ?memcpy

  SEGMENTS IN THE MODULE
  ======================
CODE
  Relative segment, address: 0800B738 - 0800B74D (0x16 bytes), align: 2
  Segment part 3.
           ENTRY                   ADDRESS         REF BY
           =====                   =======         ======
           memcpy                  0800B739        __segment_init (?segment_init)
               stack 1 = 00000000 ( 00000008 )

    -------------------------------------------------------------------------
  LIBRARY MODULE, NAME : ?memset

  SEGMENTS IN THE MODULE
  ======================
CODE
  Relative segment, address: 0800B750 - 0800B761 (0x12 bytes), align: 2
  Segment part 3.
           ENTRY                   ADDRESS         REF BY
           =====                   =======         ======
           memset                  0800B751        __segment_init (?segment_init)
               stack 1 = 00000000 ( 00000008 )

    -------------------------------------------------------------------------
  LIBRARY MODULE, NAME : ?CMAIN

  SEGMENTS IN THE MODULE
  ======================
DIFUNCT
  Relative segment, address: 08004150, align: 2
  Segment part 0. ROOT.
    -------------------------------------------------------------------------
ICODE
  Relative segment, address: 08004120 - 08004133 (0x14 bytes), align: 2
  Segment part 1.
           ENTRY                   ADDRESS         REF BY
           =====                   =======         ======
           __program_start         08004121        Absolute parts (?ABS_ENTRY_MOD)
                                                   __vector_table (stm32f10x_vector)
    -------------------------------------------------------------------------
ICODE
  Relative segment, address: 08004134 - 0800414F (0x1c bytes), align: 2
  Segment part 3.             Intra module refs:   __program_start
           ENTRY                   ADDRESS         REF BY
           =====                   =======         ======
           _main                   0800413D 

    -------------------------------------------------------------------------
  LIBRARY MODULE, NAME : ?_EXIT

  SEGMENTS IN THE MODULE
  ======================
CODE
  Relative segment, address: 0800B764, align: 2
  Segment part 0.
           ENTRY                   ADDRESS         REF BY
           =====                   =======         ======
           _exit                   0800B765        _main (?CMAIN)
                                                   exit (?exit)
    -------------------------------------------------------------------------
CODE
  Relative segment, address: 0800B764 - 0800B76F (0xc bytes), align: 2
  Segment part 5.             Intra module refs:   _exit

    -------------------------------------------------------------------------
  LIBRARY MODULE, NAME : ?div_module

  SEGMENTS IN THE MODULE
  ======================
CODE
  Relative segment, address: 0800B770 - 0800B77B (0xc bytes), align: 2
  Segment part 2.
           ENTRY                   ADDRESS         REF BY
           =====                   =======         ======
           ??divu32_t              0800B771        Write_Memory (memory)
    -------------------------------------------------------------------------
CODE
  Relative segment, address: 0800B77C - 0800B787 (0xc bytes), align: 2
  Segment part 5.
           ENTRY                   ADDRESS         REF BY
           =====                   =======         ======
           ??div32_t               0800B77D        Char_to_Str (Calculate)
                                                   Erase_Dot_ti (Lcd)
                                                   Erase_Dot_v0 (Lcd)
                                                   Erase_Dot_vi (Lcd)
                                                   Erase_Dot_vt (Lcd)
                                                   Erase_SEG (Lcd)
                                                   Erase_Ti (Lcd)
                                                   Erase_Vi (Lcd)
                                                   Erase_View_Area (Lcd)
                                                   Erase_Vn (Lcd)
                                                   Int32String (Calculate)
                                                   Int32String_sign (Calculate)
                                                   Signal_Process (Function)




                ****************************************
                *                                      *
                *      SEGMENTS IN ADDRESS ORDER       *
                *                                      *
                ****************************************


SEGMENT              SPACE    START ADDRESS   END ADDRESS     SIZE  TYPE  ALIGN
=======              =====    =============   ===========     ====  ====  =====
INTVEC                             08004000 - 080040EB          EC   rel    2
ICODE                              080040EC - 0800414F          64   rel    2
DIFUNCT                                 08004150                     rel    2
CODE                               08004150 - 0800B787        7638   rel    2
INITTAB                            0800B788 - 0800B79F          18   rel    2
DATA_ID                            0800B7A0 - 0800BA66         2C7   rel    2
DATA_C                             0800BA68 - 0800CEE7        1480   rel    2
DATA_I                             20000000 - 200002C6         2C7   rel    2
DATA_Z                             200002C8 - 20002A88        27C1   rel    2
CSTACK                             20002A8C - 20003A8B        1000   rel    2

                ****************************************
                *                                      *
                *        END OF CROSS REFERENCE        *
                *                                      *
                ****************************************

 30 600 bytes of CODE  memory
 14 984 bytes of DATA  memory
  5 983 bytes of CONST memory

Errors: none
Warnings: none

