################################################################################
#                                                                              #
#      IAR Universal Linker V4.60I/386                                         #
#                                                                              #
#           Link time     =  06/Dec/2008  22:58:17                             #
#           Target CPU    =  ARM                                               #
#           List file     =  C:\Users\CXG\Documents\设计文档\123\示波器\USB_AP #
#                            P\USBLib\Oscilloscope\DS0501\project\EWARM\Debug_ #
#                            FLASH\List\MassStorageSimpleBuffer.map            #
#           Output file 1 =  C:\Users\CXG\Documents\设计文档\123\示波器\USB_AP #
#                            P\USBLib\Oscilloscope\DS0501\project\EWARM\Debug_ #
#                            FLASH\Exe\MassStorageSimpleBuffer.d79             #
#                            Format: debug                                     #
#                            UBROF version 10.0.2                              #
#                            Using library modules for C-SPY (-rt)             #
#           Output file 2 =  C:\Users\CXG\Documents\设计文档\123\示波器\USB_AP #
#                            P\USBLib\Oscilloscope\DS0501\project\EWARM\Debug_ #
#                            FLASH\Exe\MassStorageSimpleBuffer.hex             #
#                            Format: intel-extended, variant: -y(CODE)         #
#           Output file 3 =  C:\Users\CXG\Documents\设计文档\123\示波器\USB_AP #
#                            P\USBLib\Oscilloscope\DS0501\project\EWARM\Debug_ #
#                            FLASH\Exe\MassStorageSimpleBuffer.sim             #
#                            Format: simple-code                               #
#           Command line  =  C:\Users\CXG\Documents\设计文档\123\示波器\USB_AP #
#                            P\USBLib\Oscilloscope\DS0501\project\EWARM\Debug_ #
#                            FLASH\Obj\cortexm3_macro.r79                      #
#                            C:\Users\CXG\Documents\设计文档\123\示波器\USB_AP #
#                            P\USBLib\Oscilloscope\DS0501\project\EWARM\Debug_ #
#                            FLASH\Obj\hw_config.r79                           #
#                            C:\Users\CXG\Documents\设计文档\123\示波器\USB_AP #
#                            P\USBLib\Oscilloscope\DS0501\project\EWARM\Debug_ #
#                            FLASH\Obj\main.r79                                #
#                            C:\Users\CXG\Documents\设计文档\123\示波器\USB_AP #
#                            P\USBLib\Oscilloscope\DS0501\project\EWARM\Debug_ #
#                            FLASH\Obj\memory.r79                              #
#                            C:\Users\CXG\Documents\设计文档\123\示波器\USB_AP #
#                            P\USBLib\Oscilloscope\DS0501\project\EWARM\Debug_ #
#                            FLASH\Obj\msd.r79                                 #
#                            C:\Users\CXG\Documents\设计文档\123\示波器\USB_AP #
#                            P\USBLib\Oscilloscope\DS0501\project\EWARM\Debug_ #
#                            FLASH\Obj\scsi_data.r79                           #
#                            C:\Users\CXG\Documents\设计文档\123\示波器\USB_AP #
#                            P\USBLib\Oscilloscope\DS0501\project\EWARM\Debug_ #
#                            FLASH\Obj\stm32f10x_flash.r79                     #
#                            C:\Users\CXG\Documents\设计文档\123\示波器\USB_AP #
#                            P\USBLib\Oscilloscope\DS0501\project\EWARM\Debug_ #
#                            FLASH\Obj\stm32f10x_gpio.r79                      #
#                            C:\Users\CXG\Documents\设计文档\123\示波器\USB_AP #
#                            P\USBLib\Oscilloscope\DS0501\project\EWARM\Debug_ #
#                            FLASH\Obj\stm32f10x_it.r79                        #
#                            C:\Users\CXG\Documents\设计文档\123\示波器\USB_AP #
#                            P\USBLib\Oscilloscope\DS0501\project\EWARM\Debug_ #
#                            FLASH\Obj\stm32f10x_lib.r79                       #
#                            C:\Users\CXG\Documents\设计文档\123\示波器\USB_AP #
#                            P\USBLib\Oscilloscope\DS0501\project\EWARM\Debug_ #
#                            FLASH\Obj\stm32f10x_nvic.r79                      #
#                            C:\Users\CXG\Documents\设计文档\123\示波器\USB_AP #
#                            P\USBLib\Oscilloscope\DS0501\project\EWARM\Debug_ #
#                            FLASH\Obj\stm32f10x_rcc.r79                       #
#                            C:\Users\CXG\Documents\设计文档\123\示波器\USB_AP #
#                            P\USBLib\Oscilloscope\DS0501\project\EWARM\Debug_ #
#                            FLASH\Obj\stm32f10x_spi.r79                       #
#                            C:\Users\CXG\Documents\设计文档\123\示波器\USB_AP #
#                            P\USBLib\Oscilloscope\DS0501\project\EWARM\Debug_ #
#                            FLASH\Obj\stm32f10x_vector.r79                    #
#                            C:\Users\CXG\Documents\设计文档\123\示波器\USB_AP #
#                            P\USBLib\Oscilloscope\DS0501\project\EWARM\Debug_ #
#                            FLASH\Obj\usb_bot.r79                             #
#                            C:\Users\CXG\Documents\设计文档\123\示波器\USB_AP #
#                            P\USBLib\Oscilloscope\DS0501\project\EWARM\Debug_ #
#                            FLASH\Obj\usb_core.r79                            #
#                            C:\Users\CXG\Documents\设计文档\123\示波器\USB_AP #
#                            P\USBLib\Oscilloscope\DS0501\project\EWARM\Debug_ #
#                            FLASH\Obj\usb_desc.r79                            #
#                            C:\Users\CXG\Documents\设计文档\123\示波器\USB_AP #
#                            P\USBLib\Oscilloscope\DS0501\project\EWARM\Debug_ #
#                            FLASH\Obj\usb_endp.r79                            #
#                            C:\Users\CXG\Documents\设计文档\123\示波器\USB_AP #
#                            P\USBLib\Oscilloscope\DS0501\project\EWARM\Debug_ #
#                            FLASH\Obj\usb_init.r79                            #
#                            C:\Users\CXG\Documents\设计文档\123\示波器\USB_AP #
#                            P\USBLib\Oscilloscope\DS0501\project\EWARM\Debug_ #
#                            FLASH\Obj\usb_int.r79                             #
#                            C:\Users\CXG\Documents\设计文档\123\示波器\USB_AP #
#                            P\USBLib\Oscilloscope\DS0501\project\EWARM\Debug_ #
#                            FLASH\Obj\usb_istr.r79                            #
#                            C:\Users\CXG\Documents\设计文档\123\示波器\USB_AP #
#                            P\USBLib\Oscilloscope\DS0501\project\EWARM\Debug_ #
#                            FLASH\Obj\usb_mem.r79                             #
#                            C:\Users\CXG\Documents\设计文档\123\示波器\USB_AP #
#                            P\USBLib\Oscilloscope\DS0501\project\EWARM\Debug_ #
#                            FLASH\Obj\usb_prop.r79                            #
#                            C:\Users\CXG\Documents\设计文档\123\示波器\USB_AP #
#                            P\USBLib\Oscilloscope\DS0501\project\EWARM\Debug_ #
#                            FLASH\Obj\usb_pwr.r79                             #
#                            C:\Users\CXG\Documents\设计文档\123\示波器\USB_AP #
#                            P\USBLib\Oscilloscope\DS0501\project\EWARM\Debug_ #
#                            FLASH\Obj\usb_regs.r79                            #
#                            C:\Users\CXG\Documents\设计文档\123\示波器\USB_AP #
#                            P\USBLib\Oscilloscope\DS0501\project\EWARM\Debug_ #
#                            FLASH\Obj\usb_scsi.r79                            #
#                            -o                                                #
#                            C:\Users\CXG\Documents\设计文档\123\示波器\USB_AP #
#                            P\USBLib\Oscilloscope\DS0501\project\EWARM\Debug_ #
#                            FLASH\Exe\MassStorageSimpleBuffer.d79             #
#                            -l                                                #
#                            C:\Users\CXG\Documents\设计文档\123\示波器\USB_AP #
#                            P\USBLib\Oscilloscope\DS0501\project\EWARM\Debug_ #
#                            FLASH\List\MassStorageSimpleBuffer.map            #
#                            -xms                                              #
#                            "-IC:\Program Files\IAR Systems\Embedded Workbenc #
#                            h 4.0 Kickstart\arm\LIB\"                         #
#                            -f                                                #
#                            C:\Users\CXG\Documents\设计文档\123\示波器\USB_AP #
#                            P\USBLib\Oscilloscope\DS0501\project\EWARM\lnkarm #
#                            _flash.xcl                                        #
#                            (-DROMSTART=0x8000000 -DROMEND=0x801FFFF          #
#                            -DRAMSTART=0x20000000 -DRAMEND=0x20004FFF -carm   #
#                            -Z(CODE)INTVEC=ROMSTART-ROMEND                    #
#                            -Z(CODE)ICODE,DIFUNCT=ROMSTART-ROMEND             #
#                            -Z(CODE)SWITAB=ROMSTART-ROMEND                    #
#                            -Z(CODE)CODE=ROMSTART-ROMEND                      #
#                            -Z(CONST)CODE_ID=ROMSTART-ROMEND                  #
#                            -Z(CONST)INITTAB,DATA_ID,DATA_C=ROMSTART-ROMEND   #
#                            -Z(CONST)CHECKSUM=ROMSTART-ROMEND                 #
#                            -Z(DATA)DATA_I,DATA_Z,DATA_N=RAMSTART-RAMEND      #
#                            -Z(DATA)CODE_I=RAMSTART-RAMEND -QCODE_I=CODE_ID   #
#                            -D_CSTACK_SIZE=1000 -D_HEAP_SIZE=200              #
#                            -Z(DATA)CSTACK+_CSTACK_SIZE=RAMSTART-RAMEND       #
#                            -Z(DATA)HEAP+_HEAP_SIZE=RAMSTART-RAMEND           #
#                            -Ointel-extended,(CODE)=.hex) -rt                 #
#                            "C:\Program Files\IAR Systems\Embedded Workbench  #
#                            4.0 Kickstart\arm\LIB\dl7mptnnl8n.r79"            #
#                            -Osimple-code=C:\Users\CXG\Documents\设计文档\123 #
#                            \示波器\USB_APP\USBLib\Oscilloscope\DS0501\projec #
#                            t\EWARM\Debug_FLASH\Exe\MassStorageSimpleBuffer.s #
#                            im                                                #
#                            -s __program_start                                #
#                                                                              #
#                        Copyright 1987-2007 IAR Systems. All rights reserved. #
################################################################################





                ****************************************
                *                                      *
                *           CROSS REFERENCE            *
                *                                      *
                ****************************************

       Program entry at :           08000121  Relocatable, from module : ?CMAIN




                ****************************************
                *                                      *
                *            RUNTIME MODEL             *
                *                                      *
                ****************************************

  StackAlign4            = USED
  __cpu_mode             = __pcs__thumb
  __data_model           = absolute
  __dlib_file_descriptor = 0
  __endian               = little
  __rt_version           = 6



                ****************************************
                *                                      *
                *              MODULE MAP              *
                *                                      *
                ****************************************


  DEFINED ABSOLUTE ENTRIES
    *************************************************************************

  DEFINED ABSOLUTE ENTRIES
  PROGRAM MODULE, NAME : ?ABS_ENTRY_MOD

Absolute parts
           ENTRY                   ADDRESS         REF BY
           =====                   =======         ======
           _HEAP_SIZE              00000200 
           _CSTACK_SIZE            00001000 
           RAMEND                  20004FFF 
           RAMSTART                20000000 
           ROMEND                  0801FFFF 
           ROMSTART                08000000 
    *************************************************************************

  FILE NAME : C:\Users\CXG\Documents\设计文档\123\示波器\USB_APP\USBLib\Oscilloscope\DS0501\project\EWARM\Debug_FLASH\Obj\cortexm3_macro.r79
  PROGRAM MODULE, NAME : cortexm3_macro

  SEGMENTS IN THE MODULE
  ======================
CODE
  Relative segment, address: 08000150 - 080001BD (0x6e bytes), align: 2
  Segment part 0. ROOT.
           ENTRY                   ADDRESS         REF BY
           =====                   =======         ======
           __WFI                   08000151 
           __WFE                   08000155 
           __SEV                   08000159 
           __ISB                   0800015D 
           __DSB                   08000163 
           __DMB                   08000169 
           __SVC                   0800016F 
           __MRS_CONTROL           08000173 
           __MSR_CONTROL           08000179 
           __MRS_PSP               08000183 
           __MSR_PSP               08000189 
           __MRS_MSP               0800018F 
           __MSR_MSP               08000195 
           __SETPRIMASK            0800019B 
           __RESETPRIMASK          0800019F 
           __SETFAULTMASK          080001A3 
           __RESETFAULTMASK        080001A7 
           __BASEPRICONFIG         080001AB 
           __GetBASEPRI            080001B1 
           __REV_HalfWord          080001B7 
           __REV_Word              080001BB 

    *************************************************************************

  FILE NAME : C:\Users\CXG\Documents\设计文档\123\示波器\USB_APP\USBLib\Oscilloscope\DS0501\project\EWARM\Debug_FLASH\Obj\hw_config.r79
  PROGRAM MODULE, NAME : hw_config

  SEGMENTS IN THE MODULE
  ======================
DATA_Z
  Relative segment, address: 20000118 - 2000011B (0x4 bytes), align: 2
  Segment part 2.             Intra module refs:   Get_Medium_Characteristics
           ENTRY                   ADDRESS         REF BY
           =====                   =======         ======
           Mass_Memory_Size        20000118        Address_Management_Test (memory)
    -------------------------------------------------------------------------
DATA_Z
  Relative segment, address: 2000011C - 2000011F (0x4 bytes), align: 2
  Segment part 3.             Intra module refs:   Get_Medium_Characteristics
           ENTRY                   ADDRESS         REF BY
           =====                   =======         ======
           Mass_Block_Size         2000011C        Address_Management_Test (memory)
                                                   Segment part 6 (usb_scsi)
    -------------------------------------------------------------------------
DATA_Z
  Relative segment, address: 20000120 - 20000123 (0x4 bytes), align: 2
  Segment part 4.             Intra module refs:   Get_Medium_Characteristics
           ENTRY                   ADDRESS         REF BY
           =====                   =======         ======
           Mass_Block_Count        20000120        Segment part 5 (usb_scsi)
    -------------------------------------------------------------------------
DATA_Z
  Relative segment, address: 20000124 - 2000014B (0x28 bytes), align: 2
  Segment part 5.             Intra module refs:   Get_Medium_Characteristics
           ENTRY                   ADDRESS         REF BY
           =====                   =======         ======
           MSD_csd                 20000124 
    -------------------------------------------------------------------------
DATA_Z
  Relative segment, address: 20000420 - 20000420 (0x1 bytes), align: 0
  Segment part 6.             Intra module refs:   Set_System
           ENTRY                   ADDRESS         REF BY
           =====                   =======         ======
           HSEStartUpStatus        20000420 
    -------------------------------------------------------------------------
CODE
  Relative segment, address: 080001C0 - 0800025F (0xa0 bytes), align: 2
  Segment part 7.
           ENTRY                   ADDRESS         REF BY
           =====                   =======         ======
           Set_System              080001C1        main (main)
               stack 1 = 00000000 ( 00000008 )
    -------------------------------------------------------------------------
CODE
  Relative segment, address: 08000260 - 08000273 (0x14 bytes), align: 2
  Segment part 8.
           ENTRY                   ADDRESS         REF BY
           =====                   =======         ======
           Set_USBClock            08000261        main (main)
               stack 1 = 00000000 ( 00000004 )
    -------------------------------------------------------------------------
CODE
  Relative segment, address: 08000274 - 080002C9 (0x56 bytes), align: 2
  Segment part 11.
           ENTRY                   ADDRESS         REF BY
           =====                   =======         ======
           USB_Interrupts_Config   08000275        main (main)
               stack 1 = 00000000 ( 00000008 )
    -------------------------------------------------------------------------
CODE
  Relative segment, address: 080002CC - 080002F5 (0x2a bytes), align: 2
  Segment part 12.
           ENTRY                   ADDRESS         REF BY
           =====                   =======         ======
           Led_Config              080002CD        main (main)
               stack 1 = 00000000 ( 00000008 )
    -------------------------------------------------------------------------
CODE
  Relative segment, address: 080002F8 - 08000303 (0xc bytes), align: 2
  Segment part 13.
           ENTRY                   ADDRESS         REF BY
           =====                   =======         ======
           Led_RW_ON               080002F9        Read_Memory (memory)
                                                   Write_Memory (memory)
               stack 1 = 00000000 ( 00000004 )
    -------------------------------------------------------------------------
CODE
  Relative segment, address: 08000304 - 0800030F (0xc bytes), align: 2
  Segment part 14.
           ENTRY                   ADDRESS         REF BY
           =====                   =======         ======
           Led_RW_OFF              08000305        Read_Memory (memory)
                                                   Write_Memory (memory)
               stack 1 = 00000000 ( 00000004 )
    -------------------------------------------------------------------------
CODE
  Relative segment, address: 08000310 - 08000313 (0x4 bytes), align: 2
  Segment part 15.            Intra module refs:   Led_Config
                                                   Led_RW_OFF
                                                   Led_RW_ON
    -------------------------------------------------------------------------
CODE
  Relative segment, address: 08000314 - 08000333 (0x20 bytes), align: 2
  Segment part 16.
           ENTRY                   ADDRESS         REF BY
           =====                   =======         ======
           USB_Cable_Config        08000315        PowerOn (usb_pwr)
               stack 1 = 00000000 ( 00000008 )
    -------------------------------------------------------------------------
CODE
  Relative segment, address: 08000334 - 08000337 (0x4 bytes), align: 2
  Segment part 17.            Intra module refs:   Set_System
                                                   USB_Cable_Config
    -------------------------------------------------------------------------
CODE
  Relative segment, address: 08000338 - 0800039B (0x64 bytes), align: 2
  Segment part 18.
           ENTRY                   ADDRESS         REF BY
           =====                   =======         ======
           Get_Medium_Characteristics
                                   08000339        main (main)
               stack 1 = 00000000 ( 0000000C )
    -------------------------------------------------------------------------
INITTAB
  Relative segment, address: 08002E80 - 08002E8B (0xc bytes), align: 2
  Segment part 43. ROOT.
           ENTRY                   ADDRESS         REF BY
           =====                   =======         ======
           ?init?tab?DATA_Z        08002E80 

    *************************************************************************

  FILE NAME : C:\Users\CXG\Documents\设计文档\123\示波器\USB_APP\USBLib\Oscilloscope\DS0501\project\EWARM\Debug_FLASH\Obj\main.r79
  PROGRAM MODULE, NAME : main

  SEGMENTS IN THE MODULE
  ======================
CODE
  Relative segment, address: 0800039C - 080003BB (0x20 bytes), align: 2
  Segment part 2.
           ENTRY                   ADDRESS         REF BY
           =====                   =======         ======
           main                    0800039D        _main (?CMAIN)
               stack 1 = 00000000 ( 00000004 )

    *************************************************************************

  FILE NAME : C:\Users\CXG\Documents\设计文档\123\示波器\USB_APP\USBLib\Oscilloscope\DS0501\project\EWARM\Debug_FLASH\Obj\memory.r79
  PROGRAM MODULE, NAME : memory

  SEGMENTS IN THE MODULE
  ======================
DATA_Z
  Relative segment, address: 2000014C - 2000014F (0x4 bytes), align: 2
  Segment part 2.             Intra module refs:   Segment part 15
           ENTRY                   ADDRESS         REF BY
           =====                   =======         ======
           Memory_Offset           2000014C 
    -------------------------------------------------------------------------
DATA_Z
  Relative segment, address: 20000150 - 20000153 (0x4 bytes), align: 2
  Segment part 3.             Intra module refs:   Segment part 16
           ENTRY                   ADDRESS         REF BY
           =====                   =======         ======
           Transfer_Length         20000150 
    -------------------------------------------------------------------------
DATA_Z
  Relative segment, address: 20000154 - 20000157 (0x4 bytes), align: 2
  Segment part 4.             Intra module refs:   Read_Memory
           ENTRY                   ADDRESS         REF BY
           =====                   =======         ======
           Block_Read_count        20000154 
    -------------------------------------------------------------------------
DATA_Z
  Relative segment, address: 20000158 - 2000015B (0x4 bytes), align: 2
  Segment part 5.             Intra module refs:   Read_Memory
           ENTRY                   ADDRESS         REF BY
           =====                   =======         ======
           Block_offset            20000158 
    -------------------------------------------------------------------------
DATA_Z
  Relative segment, address: 2000015C - 2000015F (0x4 bytes), align: 2
  Segment part 6.             Intra module refs:   Write_Memory
           ENTRY                   ADDRESS         REF BY
           =====                   =======         ======
           Counter                 2000015C 
    -------------------------------------------------------------------------
DATA_Z
  Relative segment, address: 20000160 - 20000163 (0x4 bytes), align: 2
  Segment part 7.             Intra module refs:   Write_Memory
           ENTRY                   ADDRESS         REF BY
           =====                   =======         ======
           i                       20000160 
    -------------------------------------------------------------------------
DATA_Z
  Relative segment, address: 20000164 - 20000363 (0x200 bytes), align: 2
  Segment part 8.             Intra module refs:   Segment part 11
           ENTRY                   ADDRESS         REF BY
           =====                   =======         ======
           Data_Buffer             20000164 
    -------------------------------------------------------------------------
CODE
  Relative segment, address: 080003BC - 08000473 (0xb8 bytes), align: 2
  Segment part 9.
           ENTRY                   ADDRESS         REF BY
           =====                   =======         ======
           Read_Memory             080003BD        SCSI_Read10_Cmd (usb_scsi)
               stack 1 = 00000000 ( 00000004 )
    -------------------------------------------------------------------------
CODE
  Relative segment, address: 08000474 - 0800054B (0xd8 bytes), align: 2
  Segment part 10.
           ENTRY                   ADDRESS         REF BY
           =====                   =======         ======
           Write_Memory            08000475        SCSI_Write10_Cmd (usb_scsi)
               stack 1 = 00000000 ( 00000008 )
    -------------------------------------------------------------------------
CODE
  Relative segment, address: 0800054C - 0800054F (0x4 bytes), align: 2
  Segment part 11.            Intra module refs:   Read_Memory
                                                   Write_Memory
    -------------------------------------------------------------------------
CODE
  Relative segment, address: 08000550 - 08000553 (0x4 bytes), align: 2
  Segment part 12.            Intra module refs:   Read_Memory
                                                   Write_Memory
    -------------------------------------------------------------------------
CODE
  Relative segment, address: 08000554 - 08000557 (0x4 bytes), align: 2
  Segment part 13.            Intra module refs:   Read_Memory
                                                   Write_Memory
    -------------------------------------------------------------------------
CODE
  Relative segment, address: 08000558 - 08000633 (0xdc bytes), align: 2
  Segment part 14.
           ENTRY                   ADDRESS         REF BY
           =====                   =======         ======
           Address_Management_Test
                                   08000559        SCSI_Read10_Cmd (usb_scsi)
                                                   SCSI_Write10_Cmd (usb_scsi)
               stack 1 = 00000000 ( 00000010 )
    -------------------------------------------------------------------------
CODE
  Relative segment, address: 08000634 - 08000637 (0x4 bytes), align: 2
  Segment part 15.            Intra module refs:   Address_Management_Test
                                                   Read_Memory
                                                   Write_Memory
    -------------------------------------------------------------------------
CODE
  Relative segment, address: 08000638 - 0800063B (0x4 bytes), align: 2
  Segment part 16.            Intra module refs:   Address_Management_Test
                                                   Read_Memory
                                                   Write_Memory

    *************************************************************************

  FILE NAME : C:\Users\CXG\Documents\设计文档\123\示波器\USB_APP\USBLib\Oscilloscope\DS0501\project\EWARM\Debug_FLASH\Obj\msd.r79
  PROGRAM MODULE, NAME : msd

  SEGMENTS IN THE MODULE
  ======================
CODE
  Relative segment, address: 0800063C - 08000649 (0xe bytes), align: 2
  Segment part 2.             Intra module refs:   MSD_GetCSDRegister
                                                   MSD_GoIdleState
                                                   MSD_Init
                                                   MSD_ReadBlock
                                                   MSD_WriteBlock
           ENTRY                   ADDRESS         REF BY
           =====                   =======         ======
           Delay_us                0800063D 
    -------------------------------------------------------------------------
CODE
  Relative segment, address: 0800064C - 08000685 (0x3a bytes), align: 2
  Segment part 3.
           ENTRY                   ADDRESS         REF BY
           =====                   =======         ======
           MSD_Init                0800064D        main (main)
               stack 1 = 00000000 ( 00000008 )
    -------------------------------------------------------------------------
CODE
  Relative segment, address: 08000688 - 08000709 (0x82 bytes), align: 2
  Segment part 4.
           ENTRY                   ADDRESS         REF BY
           =====                   =======         ======
           MSD_WriteBlock          08000689        Write_Memory (memory)
               stack 1 = 00000000 ( 00000018 )
    -------------------------------------------------------------------------
CODE
  Relative segment, address: 0800070C - 08000783 (0x78 bytes), align: 2
  Segment part 5.
           ENTRY                   ADDRESS         REF BY
           =====                   =======         ======
           MSD_ReadBlock           0800070D        Read_Memory (memory)
               stack 1 = 00000000 ( 00000018 )
    -------------------------------------------------------------------------
CODE
  Relative segment, address: 08000784 - 08000787 (0x4 bytes), align: 2
  Segment part 8.             Intra module refs:   MSD_Init
                                                   MSD_ReadBlock
                                                   MSD_WriteBlock
    -------------------------------------------------------------------------
CODE
  Relative segment, address: 08000788 - 080009F1 (0x26a bytes), align: 2
  Segment part 9.
           ENTRY                   ADDRESS         REF BY
           =====                   =======         ======
           MSD_GetCSDRegister      08000789        Get_Medium_Characteristics (hw_config)
               stack 1 = 00000000 ( 00000020 )
    -------------------------------------------------------------------------
CODE
  Relative segment, address: 080009F4 - 080009F7 (0x4 bytes), align: 2
  Segment part 11.            Intra module refs:   MSD_GetCSDRegister
    -------------------------------------------------------------------------
CODE
  Relative segment, address: 080009F8 - 08000A47 (0x50 bytes), align: 2
  Segment part 12.            Intra module refs:   MSD_GetCSDRegister
                                                   MSD_GoIdleState
                                                   MSD_ReadBlock
                                                   MSD_WriteBlock
           ENTRY                   ADDRESS         REF BY
           =====                   =======         ======
           MSD_SendCmd             080009F9 
               stack 1 = 00000000 ( 0000001C )
    -------------------------------------------------------------------------
CODE
  Relative segment, address: 08000A48 - 08000A95 (0x4e bytes), align: 2
  Segment part 13.            Intra module refs:   MSD_WriteBlock
           ENTRY                   ADDRESS         REF BY
           =====                   =======         ======
           MSD_GetDataResponse     08000A49 
               stack 1 = 00000000 ( 00000010 )
    -------------------------------------------------------------------------
CODE
  Relative segment, address: 08000A98 - 08000ABF (0x28 bytes), align: 2
  Segment part 14.            Intra module refs:   MSD_GetCSDRegister
                                                   MSD_GoIdleState
                                                   MSD_ReadBlock
                                                   MSD_WriteBlock
           ENTRY                   ADDRESS         REF BY
           =====                   =======         ======
           MSD_GetResponse         08000A99 
               stack 1 = 00000000 ( 0000000C )
    -------------------------------------------------------------------------
CODE
  Relative segment, address: 08000AC0 - 08000B29 (0x6a bytes), align: 2
  Segment part 16.            Intra module refs:   MSD_Init
           ENTRY                   ADDRESS         REF BY
           =====                   =======         ======
           MSD_GoIdleState         08000AC1 
               stack 1 = 00000000 ( 00000004 )
    -------------------------------------------------------------------------
CODE
  Relative segment, address: 08000B2C - 08000B59 (0x2e bytes), align: 2
  Segment part 17.            Intra module refs:   MSD_GetCSDRegister
                                                   MSD_GoIdleState
                                                   MSD_Init
                                                   MSD_ReadBlock
                                                   MSD_SendCmd
                                                   MSD_WriteBlock
           ENTRY                   ADDRESS         REF BY
           =====                   =======         ======
           MSD_WriteByte           08000B2D 
               stack 1 = 00000000 ( 00000008 )
    -------------------------------------------------------------------------
CODE
  Relative segment, address: 08000B5C - 08000B91 (0x36 bytes), align: 2
  Segment part 18.            Intra module refs:   MSD_GetCSDRegister
                                                   MSD_GetDataResponse
                                                   MSD_GetResponse
                                                   MSD_ReadBlock
                                                   MSD_WriteBlock
           ENTRY                   ADDRESS         REF BY
           =====                   =======         ======
           MSD_ReadByte            08000B5D 
               stack 1 = 00000000 ( 00000008 )
    -------------------------------------------------------------------------
CODE
  Relative segment, address: 08000B94 - 08000C4F (0xbc bytes), align: 2
  Segment part 19.            Intra module refs:   MSD_Init
           LOCAL                   ADDRESS         
           =====                   =======         
           SPI_Config              08000B95 
               stack 1 = 00000000 ( 0000001C )
    -------------------------------------------------------------------------
CODE
  Relative segment, address: 08000C50 - 08000C53 (0x4 bytes), align: 2
  Segment part 20.            Intra module refs:   MSD_GoIdleState
                                                   SPI_Config
    -------------------------------------------------------------------------
CODE
  Relative segment, address: 08000C54 - 08000C57 (0x4 bytes), align: 2
  Segment part 21.            Intra module refs:   MSD_ReadByte
                                                   MSD_WriteByte
                                                   SPI_Config

    *************************************************************************

  FILE NAME : C:\Users\CXG\Documents\设计文档\123\示波器\USB_APP\USBLib\Oscilloscope\DS0501\project\EWARM\Debug_FLASH\Obj\scsi_data.r79
  PROGRAM MODULE, NAME : scsi_data

  SEGMENTS IN THE MODULE
  ======================
DATA_Z
  Relative segment, address: 20000364 - 2000036B (0x8 bytes), align: 2
  Segment part 2.
           ENTRY                   ADDRESS         REF BY
           =====                   =======         ======
           Page00_Inquiry_Data     20000364        SCSI_Inquiry_Cmd (usb_scsi)
    -------------------------------------------------------------------------
DATA_I
  Relative segment, address: 20000000 - 20000023 (0x24 bytes), align: 2
  Segment part 3.
           ENTRY                   ADDRESS         REF BY
           =====                   =======         ======
           Standard_Inquiry_Data   20000000        SCSI_Inquiry_Cmd (usb_scsi)
    -------------------------------------------------------------------------
DATA_I
  Relative segment, address: 20000024 - 20000027 (0x4 bytes), align: 2
  Segment part 5.
           ENTRY                   ADDRESS         REF BY
           =====                   =======         ======
           Mode_Sense6_data        20000024        SCSI_ModeSense6_Cmd (usb_scsi)
    -------------------------------------------------------------------------
DATA_I
  Relative segment, address: 20000028 - 2000002F (0x8 bytes), align: 2
  Segment part 7.
           ENTRY                   ADDRESS         REF BY
           =====                   =======         ======
           Mode_Sense10_data       20000028        SCSI_ModeSense10_Cmd (usb_scsi)
    -------------------------------------------------------------------------
DATA_I
  Relative segment, address: 20000030 - 20000043 (0x14 bytes), align: 2
  Segment part 9.
           ENTRY                   ADDRESS         REF BY
           =====                   =======         ======
           Scsi_Sense_Data         20000030        SCSI_RequestSense_Cmd (usb_scsi)
                                                   Set_Scsi_Sense_Data (usb_scsi)
    -------------------------------------------------------------------------
DATA_Z
  Relative segment, address: 2000036C - 20000373 (0x8 bytes), align: 2
  Segment part 11.
           ENTRY                   ADDRESS         REF BY
           =====                   =======         ======
           ReadCapacity10_Data     2000036C        SCSI_ReadCapacity10_Cmd (usb_scsi)
    -------------------------------------------------------------------------
DATA_I
  Relative segment, address: 20000044 - 2000004F (0xc bytes), align: 2
  Segment part 12.
           ENTRY                   ADDRESS         REF BY
           =====                   =======         ======
           ReadFormatCapacity_Data
                                   20000044        SCSI_ReadFormatCapacity_Cmd (usb_scsi)
    -------------------------------------------------------------------------
DATA_ID
  Relative segment, address: 08002E98 - 08002EBB (0x24 bytes), align: 2
  Segment part 4.             Intra module refs:   Standard_Inquiry_Data
    -------------------------------------------------------------------------
DATA_ID
  Relative segment, address: 08002EBC - 08002EBF (0x4 bytes), align: 2
  Segment part 6.             Intra module refs:   Mode_Sense6_data
    -------------------------------------------------------------------------
DATA_ID
  Relative segment, address: 08002EC0 - 08002EC7 (0x8 bytes), align: 2
  Segment part 8.             Intra module refs:   Mode_Sense10_data
    -------------------------------------------------------------------------
DATA_ID
  Relative segment, address: 08002EC8 - 08002EDB (0x14 bytes), align: 2
  Segment part 10.            Intra module refs:   Scsi_Sense_Data
    -------------------------------------------------------------------------
DATA_ID
  Relative segment, address: 08002EDC - 08002EE7 (0xc bytes), align: 2
  Segment part 13.            Intra module refs:   ReadFormatCapacity_Data
    -------------------------------------------------------------------------
INITTAB
  Relative segment, address: 08002E8C - 08002E97 (0xc bytes), align: 2
  Segment part 15. ROOT.
           ENTRY                   ADDRESS         REF BY
           =====                   =======         ======
           ?init?tab?DATA_I        08002E8C 

    *************************************************************************

  FILE NAME : C:\Users\CXG\Documents\设计文档\123\示波器\USB_APP\USBLib\Oscilloscope\DS0501\project\EWARM\Debug_FLASH\Obj\stm32f10x_flash.r79
  PROGRAM MODULE, NAME : stm32f10x_flash

  SEGMENTS IN THE MODULE
  ======================
CODE
  Relative segment, address: 08000C58 - 08000C6F (0x18 bytes), align: 2
  Segment part 2.
           ENTRY                   ADDRESS         REF BY
           =====                   =======         ======
           FLASH_SetLatency        08000C59        Set_System (hw_config)
    -------------------------------------------------------------------------
CODE
  Relative segment, address: 08000C70 - 08000C87 (0x18 bytes), align: 2
  Segment part 4.
           ENTRY                   ADDRESS         REF BY
           =====                   =======         ======
           FLASH_PrefetchBufferCmd
                                   08000C71        Set_System (hw_config)
    -------------------------------------------------------------------------
CODE
  Relative segment, address: 08000C88 - 08000C8B (0x4 bytes), align: 2
  Segment part 5.             Intra module refs:   FLASH_PrefetchBufferCmd
                                                   FLASH_SetLatency

    *************************************************************************

  FILE NAME : C:\Users\CXG\Documents\设计文档\123\示波器\USB_APP\USBLib\Oscilloscope\DS0501\project\EWARM\Debug_FLASH\Obj\stm32f10x_gpio.r79
  PROGRAM MODULE, NAME : stm32f10x_gpio

  SEGMENTS IN THE MODULE
  ======================
CODE
  Relative segment, address: 08000C8C - 08000D85 (0xfa bytes), align: 2
  Segment part 4.
           ENTRY                   ADDRESS         REF BY
           =====                   =======         ======
           GPIO_Init               08000C8D        Led_Config (hw_config)
                                                   SPI_Config (msd)
                                                   Set_System (hw_config)
               stack 1 = 00000000 ( 00000018 )
    -------------------------------------------------------------------------
CODE
  Relative segment, address: 08000D88 - 08000D8F (0x8 bytes), align: 2
  Segment part 10.
           ENTRY                   ADDRESS         REF BY
           =====                   =======         ======
           GPIO_SetBits            08000D89        Led_RW_ON (hw_config)
                                                   MSD_GetCSDRegister (msd)
                                                   MSD_GoIdleState (msd)
                                                   MSD_Init (msd)
                                                   MSD_ReadBlock (msd)
                                                   MSD_WriteBlock (msd)
                                                   USB_Cable_Config (hw_config)
    -------------------------------------------------------------------------
CODE
  Relative segment, address: 08000D90 - 08000D97 (0x8 bytes), align: 2
  Segment part 11.
           ENTRY                   ADDRESS         REF BY
           =====                   =======         ======
           GPIO_ResetBits          08000D91        Led_RW_OFF (hw_config)
                                                   MSD_GetCSDRegister (msd)
                                                   MSD_GoIdleState (msd)
                                                   MSD_Init (msd)
                                                   MSD_ReadBlock (msd)
                                                   MSD_WriteBlock (msd)
                                                   USB_Cable_Config (hw_config)

    *************************************************************************

  FILE NAME : C:\Users\CXG\Documents\设计文档\123\示波器\USB_APP\USBLib\Oscilloscope\DS0501\project\EWARM\Debug_FLASH\Obj\stm32f10x_it.r79
  PROGRAM MODULE, NAME : stm32f10x_it

  SEGMENTS IN THE MODULE
  ======================
CODE
  Relative segment, address: 08000D98 - 08000D99 (0x2 bytes), align: 2
  Segment part 2.
           ENTRY                   ADDRESS         REF BY
           =====                   =======         ======
           NMIException            08000D99        __vector_table (stm32f10x_vector)
    -------------------------------------------------------------------------
CODE
  Relative segment, address: 08000D9C - 08000D9D (0x2 bytes), align: 2
  Segment part 3.
           ENTRY                   ADDRESS         REF BY
           =====                   =======         ======
           HardFaultException      08000D9D        __vector_table (stm32f10x_vector)
    -------------------------------------------------------------------------
CODE
  Relative segment, address: 08000DA0 - 08000DA1 (0x2 bytes), align: 2
  Segment part 4.
           ENTRY                   ADDRESS         REF BY
           =====                   =======         ======
           MemManageException      08000DA1        __vector_table (stm32f10x_vector)
    -------------------------------------------------------------------------
CODE
  Relative segment, address: 08000DA4 - 08000DA5 (0x2 bytes), align: 2
  Segment part 5.
           ENTRY                   ADDRESS         REF BY
           =====                   =======         ======
           BusFaultException       08000DA5        __vector_table (stm32f10x_vector)
    -------------------------------------------------------------------------
CODE
  Relative segment, address: 08000DA8 - 08000DA9 (0x2 bytes), align: 2
  Segment part 6.
           ENTRY                   ADDRESS         REF BY
           =====                   =======         ======
           UsageFaultException     08000DA9        __vector_table (stm32f10x_vector)
    -------------------------------------------------------------------------
CODE
  Relative segment, address: 08000DAC - 08000DAD (0x2 bytes), align: 2
  Segment part 7.
           ENTRY                   ADDRESS         REF BY
           =====                   =======         ======
           DebugMonitor            08000DAD        __vector_table (stm32f10x_vector)
    -------------------------------------------------------------------------
CODE
  Relative segment, address: 08000DB0 - 08000DB1 (0x2 bytes), align: 2
  Segment part 8.
           ENTRY                   ADDRESS         REF BY
           =====                   =======         ======
           SVCHandler              08000DB1        __vector_table (stm32f10x_vector)
    -------------------------------------------------------------------------
CODE
  Relative segment, address: 08000DB4 - 08000DB5 (0x2 bytes), align: 2
  Segment part 9.
           ENTRY                   ADDRESS         REF BY
           =====                   =======         ======
           PendSVC                 08000DB5        __vector_table (stm32f10x_vector)
    -------------------------------------------------------------------------
CODE
  Relative segment, address: 08000DB8 - 08000DB9 (0x2 bytes), align: 2
  Segment part 10.
           ENTRY                   ADDRESS         REF BY
           =====                   =======         ======
           SysTickHandler          08000DB9        __vector_table (stm32f10x_vector)
    -------------------------------------------------------------------------
CODE
  Relative segment, address: 08000DBC - 08000DBD (0x2 bytes), align: 2
  Segment part 11.
           ENTRY                   ADDRESS         REF BY
           =====                   =======         ======
           WWDG_IRQHandler         08000DBD        __vector_table (stm32f10x_vector)
    -------------------------------------------------------------------------
CODE
  Relative segment, address: 08000DC0 - 08000DC1 (0x2 bytes), align: 2
  Segment part 12.
           ENTRY                   ADDRESS         REF BY
           =====                   =======         ======
           PVD_IRQHandler          08000DC1        __vector_table (stm32f10x_vector)
    -------------------------------------------------------------------------
CODE
  Relative segment, address: 08000DC4 - 08000DC5 (0x2 bytes), align: 2
  Segment part 13.
           ENTRY                   ADDRESS         REF BY
           =====                   =======         ======
           TAMPER_IRQHandler       08000DC5        __vector_table (stm32f10x_vector)
    -------------------------------------------------------------------------
CODE
  Relative segment, address: 08000DC8 - 08000DC9 (0x2 bytes), align: 2
  Segment part 14.
           ENTRY                   ADDRESS         REF BY
           =====                   =======         ======
           RTC_IRQHandler          08000DC9        __vector_table (stm32f10x_vector)
    -------------------------------------------------------------------------
CODE
  Relative segment, address: 08000DCC - 08000DCD (0x2 bytes), align: 2
  Segment part 15.
           ENTRY                   ADDRESS         REF BY
           =====                   =======         ======
           FLASH_IRQHandler        08000DCD        __vector_table (stm32f10x_vector)
    -------------------------------------------------------------------------
CODE
  Relative segment, address: 08000DD0 - 08000DD1 (0x2 bytes), align: 2
  Segment part 16.
           ENTRY                   ADDRESS         REF BY
           =====                   =======         ======
           RCC_IRQHandler          08000DD1        __vector_table (stm32f10x_vector)
    -------------------------------------------------------------------------
CODE
  Relative segment, address: 08000DD4 - 08000DD5 (0x2 bytes), align: 2
  Segment part 17.
           ENTRY                   ADDRESS         REF BY
           =====                   =======         ======
           EXTI0_IRQHandler        08000DD5        __vector_table (stm32f10x_vector)
    -------------------------------------------------------------------------
CODE
  Relative segment, address: 08000DD8 - 08000DD9 (0x2 bytes), align: 2
  Segment part 18.
           ENTRY                   ADDRESS         REF BY
           =====                   =======         ======
           EXTI1_IRQHandler        08000DD9        __vector_table (stm32f10x_vector)
    -------------------------------------------------------------------------
CODE
  Relative segment, address: 08000DDC - 08000DDD (0x2 bytes), align: 2
  Segment part 19.
           ENTRY                   ADDRESS         REF BY
           =====                   =======         ======
           EXTI2_IRQHandler        08000DDD        __vector_table (stm32f10x_vector)
    -------------------------------------------------------------------------
CODE
  Relative segment, address: 08000DE0 - 08000DE1 (0x2 bytes), align: 2
  Segment part 20.
           ENTRY                   ADDRESS         REF BY
           =====                   =======         ======
           EXTI3_IRQHandler        08000DE1        __vector_table (stm32f10x_vector)
    -------------------------------------------------------------------------
CODE
  Relative segment, address: 08000DE4 - 08000DE5 (0x2 bytes), align: 2
  Segment part 21.
           ENTRY                   ADDRESS         REF BY
           =====                   =======         ======
           EXTI4_IRQHandler        08000DE5        __vector_table (stm32f10x_vector)
    -------------------------------------------------------------------------
CODE
  Relative segment, address: 08000DE8 - 08000DE9 (0x2 bytes), align: 2
  Segment part 22.
           ENTRY                   ADDRESS         REF BY
           =====                   =======         ======
           DMAChannel1_IRQHandler
                                   08000DE9        __vector_table (stm32f10x_vector)
    -------------------------------------------------------------------------
CODE
  Relative segment, address: 08000DEC - 08000DED (0x2 bytes), align: 2
  Segment part 23.
           ENTRY                   ADDRESS         REF BY
           =====                   =======         ======
           DMAChannel2_IRQHandler
                                   08000DED        __vector_table (stm32f10x_vector)
    -------------------------------------------------------------------------
CODE
  Relative segment, address: 08000DF0 - 08000DF1 (0x2 bytes), align: 2
  Segment part 24.
           ENTRY                   ADDRESS         REF BY
           =====                   =======         ======
           DMAChannel3_IRQHandler
                                   08000DF1        __vector_table (stm32f10x_vector)
    -------------------------------------------------------------------------
CODE
  Relative segment, address: 08000DF4 - 08000DF5 (0x2 bytes), align: 2
  Segment part 25.
           ENTRY                   ADDRESS         REF BY
           =====                   =======         ======
           DMAChannel4_IRQHandler
                                   08000DF5        __vector_table (stm32f10x_vector)
    -------------------------------------------------------------------------
CODE
  Relative segment, address: 08000DF8 - 08000DF9 (0x2 bytes), align: 2
  Segment part 26.
           ENTRY                   ADDRESS         REF BY
           =====                   =======         ======
           DMAChannel5_IRQHandler
                                   08000DF9        __vector_table (stm32f10x_vector)
    -------------------------------------------------------------------------
CODE
  Relative segment, address: 08000DFC - 08000DFD (0x2 bytes), align: 2
  Segment part 27.
           ENTRY                   ADDRESS         REF BY
           =====                   =======         ======
           DMAChannel6_IRQHandler
                                   08000DFD        __vector_table (stm32f10x_vector)
    -------------------------------------------------------------------------
CODE
  Relative segment, address: 08000E00 - 08000E01 (0x2 bytes), align: 2
  Segment part 28.
           ENTRY                   ADDRESS         REF BY
           =====                   =======         ======
           DMAChannel7_IRQHandler
                                   08000E01        __vector_table (stm32f10x_vector)
    -------------------------------------------------------------------------
CODE
  Relative segment, address: 08000E04 - 08000E05 (0x2 bytes), align: 2
  Segment part 29.
           ENTRY                   ADDRESS         REF BY
           =====                   =======         ======
           ADC_IRQHandler          08000E05        __vector_table (stm32f10x_vector)
    -------------------------------------------------------------------------
CODE
  Relative segment, address: 08000E08 - 08000E0F (0x8 bytes), align: 2
  Segment part 30.
           ENTRY                   ADDRESS         REF BY
           =====                   =======         ======
           USB_HP_CAN_TX_IRQHandler
                                   08000E09        __vector_table (stm32f10x_vector)
               stack 1 = 00000000 ( 00000004 )
    -------------------------------------------------------------------------
CODE
  Relative segment, address: 08000E10 - 08000E17 (0x8 bytes), align: 2
  Segment part 31.
           ENTRY                   ADDRESS         REF BY
           =====                   =======         ======
           USB_LP_CAN_RX0_IRQHandler
                                   08000E11        __vector_table (stm32f10x_vector)
               stack 1 = 00000000 ( 00000004 )
    -------------------------------------------------------------------------
CODE
  Relative segment, address: 08000E18 - 08000E19 (0x2 bytes), align: 2
  Segment part 32.
           ENTRY                   ADDRESS         REF BY
           =====                   =======         ======
           CAN_RX1_IRQHandler      08000E19        __vector_table (stm32f10x_vector)
    -------------------------------------------------------------------------
CODE
  Relative segment, address: 08000E1C - 08000E1D (0x2 bytes), align: 2
  Segment part 33.
           ENTRY                   ADDRESS         REF BY
           =====                   =======         ======
           CAN_SCE_IRQHandler      08000E1D        __vector_table (stm32f10x_vector)
    -------------------------------------------------------------------------
CODE
  Relative segment, address: 08000E20 - 08000E21 (0x2 bytes), align: 2
  Segment part 34.
           ENTRY                   ADDRESS         REF BY
           =====                   =======         ======
           EXTI9_5_IRQHandler      08000E21        __vector_table (stm32f10x_vector)
    -------------------------------------------------------------------------
CODE
  Relative segment, address: 08000E24 - 08000E25 (0x2 bytes), align: 2
  Segment part 35.
           ENTRY                   ADDRESS         REF BY
           =====                   =======         ======
           TIM1_BRK_IRQHandler     08000E25        __vector_table (stm32f10x_vector)
    -------------------------------------------------------------------------
CODE
  Relative segment, address: 08000E28 - 08000E29 (0x2 bytes), align: 2
  Segment part 36.
           ENTRY                   ADDRESS         REF BY
           =====                   =======         ======
           TIM1_UP_IRQHandler      08000E29        __vector_table (stm32f10x_vector)
    -------------------------------------------------------------------------
CODE
  Relative segment, address: 08000E2C - 08000E2D (0x2 bytes), align: 2
  Segment part 37.
           ENTRY                   ADDRESS         REF BY
           =====                   =======         ======
           TIM1_TRG_COM_IRQHandler
                                   08000E2D        __vector_table (stm32f10x_vector)
    -------------------------------------------------------------------------
CODE
  Relative segment, address: 08000E30 - 08000E31 (0x2 bytes), align: 2
  Segment part 38.
           ENTRY                   ADDRESS         REF BY
           =====                   =======         ======
           TIM1_CC_IRQHandler      08000E31        __vector_table (stm32f10x_vector)
    -------------------------------------------------------------------------
CODE
  Relative segment, address: 08000E34 - 08000E35 (0x2 bytes), align: 2
  Segment part 39.
           ENTRY                   ADDRESS         REF BY
           =====                   =======         ======
           TIM2_IRQHandler         08000E35        __vector_table (stm32f10x_vector)
    -------------------------------------------------------------------------
CODE
  Relative segment, address: 08000E38 - 08000E39 (0x2 bytes), align: 2
  Segment part 40.
           ENTRY                   ADDRESS         REF BY
           =====                   =======         ======
           TIM3_IRQHandler         08000E39        __vector_table (stm32f10x_vector)
    -------------------------------------------------------------------------
CODE
  Relative segment, address: 08000E3C - 08000E3D (0x2 bytes), align: 2
  Segment part 41.
           ENTRY                   ADDRESS         REF BY
           =====                   =======         ======
           TIM4_IRQHandler         08000E3D        __vector_table (stm32f10x_vector)
    -------------------------------------------------------------------------
CODE
  Relative segment, address: 08000E40 - 08000E41 (0x2 bytes), align: 2
  Segment part 42.
           ENTRY                   ADDRESS         REF BY
           =====                   =======         ======
           I2C1_EV_IRQHandler      08000E41        __vector_table (stm32f10x_vector)
    -------------------------------------------------------------------------
CODE
  Relative segment, address: 08000E44 - 08000E45 (0x2 bytes), align: 2
  Segment part 43.
           ENTRY                   ADDRESS         REF BY
           =====                   =======         ======
           I2C1_ER_IRQHandler      08000E45        __vector_table (stm32f10x_vector)
    -------------------------------------------------------------------------
CODE
  Relative segment, address: 08000E48 - 08000E49 (0x2 bytes), align: 2
  Segment part 44.
           ENTRY                   ADDRESS         REF BY
           =====                   =======         ======
           I2C2_EV_IRQHandler      08000E49        __vector_table (stm32f10x_vector)
    -------------------------------------------------------------------------
CODE
  Relative segment, address: 08000E4C - 08000E4D (0x2 bytes), align: 2
  Segment part 45.
           ENTRY                   ADDRESS         REF BY
           =====                   =======         ======
           I2C2_ER_IRQHandler      08000E4D        __vector_table (stm32f10x_vector)
    -------------------------------------------------------------------------
CODE
  Relative segment, address: 08000E50 - 08000E51 (0x2 bytes), align: 2
  Segment part 46.
           ENTRY                   ADDRESS         REF BY
           =====                   =======         ======
           SPI1_IRQHandler         08000E51        __vector_table (stm32f10x_vector)
    -------------------------------------------------------------------------
CODE
  Relative segment, address: 08000E54 - 08000E55 (0x2 bytes), align: 2
  Segment part 47.
           ENTRY                   ADDRESS         REF BY
           =====                   =======         ======
           SPI2_IRQHandler         08000E55        __vector_table (stm32f10x_vector)
    -------------------------------------------------------------------------
CODE
  Relative segment, address: 08000E58 - 08000E59 (0x2 bytes), align: 2
  Segment part 48.
           ENTRY                   ADDRESS         REF BY
           =====                   =======         ======
           USART1_IRQHandler       08000E59        __vector_table (stm32f10x_vector)
    -------------------------------------------------------------------------
CODE
  Relative segment, address: 08000E5C - 08000E5D (0x2 bytes), align: 2
  Segment part 49.
           ENTRY                   ADDRESS         REF BY
           =====                   =======         ======
           USART2_IRQHandler       08000E5D        __vector_table (stm32f10x_vector)
    -------------------------------------------------------------------------
CODE
  Relative segment, address: 08000E60 - 08000E61 (0x2 bytes), align: 2
  Segment part 50.
           ENTRY                   ADDRESS         REF BY
           =====                   =======         ======
           USART3_IRQHandler       08000E61        __vector_table (stm32f10x_vector)
    -------------------------------------------------------------------------
CODE
  Relative segment, address: 08000E64 - 08000E65 (0x2 bytes), align: 2
  Segment part 51.
           ENTRY                   ADDRESS         REF BY
           =====                   =======         ======
           EXTI15_10_IRQHandler    08000E65        __vector_table (stm32f10x_vector)
    -------------------------------------------------------------------------
CODE
  Relative segment, address: 08000E68 - 08000E69 (0x2 bytes), align: 2
  Segment part 52.
           ENTRY                   ADDRESS         REF BY
           =====                   =======         ======
           RTCAlarm_IRQHandler     08000E69        __vector_table (stm32f10x_vector)
    -------------------------------------------------------------------------
CODE
  Relative segment, address: 08000E6C - 08000E6D (0x2 bytes), align: 2
  Segment part 53.
           ENTRY                   ADDRESS         REF BY
           =====                   =======         ======
           USBWakeUp_IRQHandler    08000E6D        __vector_table (stm32f10x_vector)

    *************************************************************************

  FILE NAME : C:\Users\CXG\Documents\设计文档\123\示波器\USB_APP\USBLib\Oscilloscope\DS0501\project\EWARM\Debug_FLASH\Obj\stm32f10x_lib.r79
    *************************************************************************

  FILE NAME : C:\Users\CXG\Documents\设计文档\123\示波器\USB_APP\USBLib\Oscilloscope\DS0501\project\EWARM\Debug_FLASH\Obj\stm32f10x_nvic.r79
  PROGRAM MODULE, NAME : stm32f10x_nvic

  SEGMENTS IN THE MODULE
  ======================
CODE
  Relative segment, address: 08000E70 - 08000E79 (0xa bytes), align: 2
  Segment part 8.
           ENTRY                   ADDRESS         REF BY
           =====                   =======         ======
           NVIC_PriorityGroupConfig
                                   08000E71        USB_Interrupts_Config (hw_config)
    -------------------------------------------------------------------------
CODE
  Relative segment, address: 08000E7C - 08000E7F (0x4 bytes), align: 2
  Segment part 9.             Intra module refs:   NVIC_PriorityGroupConfig
    -------------------------------------------------------------------------
CODE
  Relative segment, address: 08000E80 - 08000F4B (0xcc bytes), align: 2
  Segment part 10.
           ENTRY                   ADDRESS         REF BY
           =====                   =======         ======
           NVIC_Init               08000E81        USB_Interrupts_Config (hw_config)
               stack 1 = 00000000 ( 00000014 )
    -------------------------------------------------------------------------
CODE
  Relative segment, address: 08000F4C - 08000F4F (0x4 bytes), align: 2
  Segment part 11.            Intra module refs:   NVIC_Init
    -------------------------------------------------------------------------
CODE
  Relative segment, address: 08000F50 - 08000F53 (0x4 bytes), align: 2
  Segment part 12.            Intra module refs:   NVIC_Init
    -------------------------------------------------------------------------
CODE
  Relative segment, address: 08000F54 - 08000F63 (0x10 bytes), align: 2
  Segment part 29.
           ENTRY                   ADDRESS         REF BY
           =====                   =======         ======
           NVIC_SetVectorTable     08000F55        USB_Interrupts_Config (hw_config)
    -------------------------------------------------------------------------
CODE
  Relative segment, address: 08000F64 - 08000F67 (0x4 bytes), align: 2
  Segment part 30.            Intra module refs:   NVIC_SetVectorTable
    -------------------------------------------------------------------------
CODE
  Relative segment, address: 08000F68 - 08000F6B (0x4 bytes), align: 2
  Segment part 33.            Intra module refs:   NVIC_Init
                                                   NVIC_PriorityGroupConfig

    *************************************************************************

  FILE NAME : C:\Users\CXG\Documents\设计文档\123\示波器\USB_APP\USBLib\Oscilloscope\DS0501\project\EWARM\Debug_FLASH\Obj\stm32f10x_rcc.r79
  PROGRAM MODULE, NAME : stm32f10x_rcc

  SEGMENTS IN THE MODULE
  ======================
DATA_Z
  Relative segment, address: 20000421 - 20000421 (0x1 bytes), align: 0
  Segment part 4.             Intra module refs:   RCC_WaitForHSEStartUp
           LOCAL                   ADDRESS         
           =====                   =======         
           HSEStatus               20000421 
    -------------------------------------------------------------------------
DATA_Z
  Relative segment, address: 20000374 - 20000377 (0x4 bytes), align: 2
  Segment part 5.             Intra module refs:   RCC_WaitForHSEStartUp
           LOCAL                   ADDRESS         
           =====                   =======         
           StartUpCounter          20000374 
    -------------------------------------------------------------------------
CODE
  Relative segment, address: 08000F6C - 08000FDB (0x70 bytes), align: 2
  Segment part 6.
           ENTRY                   ADDRESS         REF BY
           =====                   =======         ======
           RCC_DeInit              08000F6D        Set_System (hw_config)
    -------------------------------------------------------------------------
CODE
  Relative segment, address: 08000FDC - 08000FDF (0x4 bytes), align: 2
  Segment part 7.             Intra module refs:   RCC_DeInit
    -------------------------------------------------------------------------
CODE
  Relative segment, address: 08000FE0 - 08000FE3 (0x4 bytes), align: 2
  Segment part 8.             Intra module refs:   RCC_DeInit
    -------------------------------------------------------------------------
CODE
  Relative segment, address: 08000FE4 - 08000FE7 (0x4 bytes), align: 2
  Segment part 9.             Intra module refs:   RCC_DeInit
    -------------------------------------------------------------------------
CODE
  Relative segment, address: 08000FE8 - 08000FEB (0x4 bytes), align: 2
  Segment part 10.            Intra module refs:   RCC_DeInit
    -------------------------------------------------------------------------
CODE
  Relative segment, address: 08000FEC - 08000FEF (0x4 bytes), align: 2
  Segment part 11.            Intra module refs:   RCC_DeInit
    -------------------------------------------------------------------------
CODE
  Relative segment, address: 08000FF0 - 08000FF3 (0x4 bytes), align: 2
  Segment part 12.            Intra module refs:   RCC_DeInit
    -------------------------------------------------------------------------
CODE
  Relative segment, address: 08000FF4 - 08001041 (0x4e bytes), align: 2
  Segment part 13.
           ENTRY                   ADDRESS         REF BY
           =====                   =======         ======
           RCC_HSEConfig           08000FF5        Set_System (hw_config)
               stack 1 = 00000000 ( 00000004 )
    -------------------------------------------------------------------------
CODE
  Relative segment, address: 08001044 - 08001083 (0x40 bytes), align: 2
  Segment part 14.
           ENTRY                   ADDRESS         REF BY
           =====                   =======         ======
           RCC_WaitForHSEStartUp   08001045        Set_System (hw_config)
               stack 1 = 00000000 ( 00000004 )
    -------------------------------------------------------------------------
CODE
  Relative segment, address: 08001084 - 08001087 (0x4 bytes), align: 2
  Segment part 16.            Intra module refs:   RCC_DeInit
                                                   RCC_HSEConfig
    -------------------------------------------------------------------------
CODE
  Relative segment, address: 08001088 - 080010A7 (0x20 bytes), align: 2
  Segment part 18.
           ENTRY                   ADDRESS         REF BY
           =====                   =======         ======
           RCC_PLLConfig           08001089        Set_System (hw_config)
    -------------------------------------------------------------------------
CODE
  Relative segment, address: 080010A8 - 080010B7 (0x10 bytes), align: 2
  Segment part 19.
           ENTRY                   ADDRESS         REF BY
           =====                   =======         ======
           RCC_PLLCmd              080010A9        Set_System (hw_config)
    -------------------------------------------------------------------------
CODE
  Relative segment, address: 080010B8 - 080010CD (0x16 bytes), align: 2
  Segment part 20.
           ENTRY                   ADDRESS         REF BY
           =====                   =======         ======
           RCC_SYSCLKConfig        080010B9        Set_System (hw_config)
    -------------------------------------------------------------------------
CODE
  Relative segment, address: 080010D0 - 080010D9 (0xa bytes), align: 2
  Segment part 21.
           ENTRY                   ADDRESS         REF BY
           =====                   =======         ======
           RCC_GetSYSCLKSource     080010D1        Set_System (hw_config)
    -------------------------------------------------------------------------
CODE
  Relative segment, address: 080010DC - 080010F1 (0x16 bytes), align: 2
  Segment part 22.
           ENTRY                   ADDRESS         REF BY
           =====                   =======         ======
           RCC_HCLKConfig          080010DD        Set_System (hw_config)
    -------------------------------------------------------------------------
CODE
  Relative segment, address: 080010F4 - 0800110D (0x1a bytes), align: 2
  Segment part 23.
           ENTRY                   ADDRESS         REF BY
           =====                   =======         ======
           RCC_PCLK1Config         080010F5        Set_System (hw_config)
    -------------------------------------------------------------------------
CODE
  Relative segment, address: 08001110 - 0800112B (0x1c bytes), align: 2
  Segment part 24.
           ENTRY                   ADDRESS         REF BY
           =====                   =======         ======
           RCC_PCLK2Config         08001111        Set_System (hw_config)
    -------------------------------------------------------------------------
CODE
  Relative segment, address: 0800112C - 08001137 (0xc bytes), align: 2
  Segment part 26.
           ENTRY                   ADDRESS         REF BY
           =====                   =======         ======
           RCC_USBCLKConfig        0800112D        Set_USBClock (hw_config)
    -------------------------------------------------------------------------
CODE
  Relative segment, address: 08001138 - 08001151 (0x1a bytes), align: 2
  Segment part 27.
           ENTRY                   ADDRESS         REF BY
           =====                   =======         ======
           RCC_ADCCLKConfig        08001139        Set_System (hw_config)
    -------------------------------------------------------------------------
CODE
  Relative segment, address: 08001154 - 08001157 (0x4 bytes), align: 2
  Segment part 28.            Intra module refs:   RCC_ADCCLKConfig
                                                   RCC_DeInit
                                                   RCC_GetSYSCLKSource
                                                   RCC_HCLKConfig
                                                   RCC_PCLK1Config
                                                   RCC_PCLK2Config
                                                   RCC_PLLConfig
                                                   RCC_SYSCLKConfig
    -------------------------------------------------------------------------
CODE
  Relative segment, address: 08001158 - 08001173 (0x1c bytes), align: 2
  Segment part 37.
           ENTRY                   ADDRESS         REF BY
           =====                   =======         ======
           RCC_APB2PeriphClockCmd
                                   08001159        Led_Config (hw_config)
                                                   SPI_Config (msd)
                                                   Set_System (hw_config)
    -------------------------------------------------------------------------
CODE
  Relative segment, address: 08001174 - 08001177 (0x4 bytes), align: 2
  Segment part 38.            Intra module refs:   RCC_APB2PeriphClockCmd
    -------------------------------------------------------------------------
CODE
  Relative segment, address: 08001178 - 08001193 (0x1c bytes), align: 2
  Segment part 39.
           ENTRY                   ADDRESS         REF BY
           =====                   =======         ======
           RCC_APB1PeriphClockCmd
                                   08001179        Set_USBClock (hw_config)
    -------------------------------------------------------------------------
CODE
  Relative segment, address: 08001194 - 08001197 (0x4 bytes), align: 2
  Segment part 40.            Intra module refs:   RCC_APB1PeriphClockCmd
    -------------------------------------------------------------------------
CODE
  Relative segment, address: 08001198 - 080011F5 (0x5e bytes), align: 2
  Segment part 48.            Intra module refs:   RCC_WaitForHSEStartUp
           ENTRY                   ADDRESS         REF BY
           =====                   =======         ======
           RCC_GetFlagStatus       08001199        Set_System (hw_config)
               stack 1 = 00000000 ( 00000004 )
    -------------------------------------------------------------------------
CODE
  Relative segment, address: 080011F8 - 080011FB (0x4 bytes), align: 2
  Segment part 49.            Intra module refs:   RCC_GetFlagStatus
    -------------------------------------------------------------------------
CODE
  Relative segment, address: 080011FC - 080011FF (0x4 bytes), align: 2
  Segment part 50.            Intra module refs:   RCC_GetFlagStatus
    -------------------------------------------------------------------------
CODE
  Relative segment, address: 08001200 - 08001203 (0x4 bytes), align: 2
  Segment part 52.            Intra module refs:   RCC_GetFlagStatus

    *************************************************************************

  FILE NAME : C:\Users\CXG\Documents\设计文档\123\示波器\USB_APP\USBLib\Oscilloscope\DS0501\project\EWARM\Debug_FLASH\Obj\stm32f10x_spi.r79
  PROGRAM MODULE, NAME : stm32f10x_spi

  SEGMENTS IN THE MODULE
  ======================
CODE
  Relative segment, address: 08001204 - 0800123D (0x3a bytes), align: 2
  Segment part 3.
           ENTRY                   ADDRESS         REF BY
           =====                   =======         ======
           SPI_Init                08001205        SPI_Config (msd)
               stack 1 = 00000000 ( 00000008 )
    -------------------------------------------------------------------------
CODE
  Relative segment, address: 08001240 - 0800125B (0x1c bytes), align: 2
  Segment part 5.
           ENTRY                   ADDRESS         REF BY
           =====                   =======         ======
           SPI_Cmd                 08001241        SPI_Config (msd)
    -------------------------------------------------------------------------
CODE
  Relative segment, address: 0800125C - 0800125F (0x4 bytes), align: 2
  Segment part 8.
           ENTRY                   ADDRESS         REF BY
           =====                   =======         ======
           SPI_SendData            0800125D        MSD_ReadByte (msd)
                                                   MSD_WriteByte (msd)
    -------------------------------------------------------------------------
CODE
  Relative segment, address: 08001260 - 08001263 (0x4 bytes), align: 2
  Segment part 9.
           ENTRY                   ADDRESS         REF BY
           =====                   =======         ======
           SPI_ReceiveData         08001261        MSD_ReadByte (msd)
    -------------------------------------------------------------------------
CODE
  Relative segment, address: 08001264 - 0800127D (0x1a bytes), align: 2
  Segment part 18.
           ENTRY                   ADDRESS         REF BY
           =====                   =======         ======
           SPI_GetFlagStatus       08001265        MSD_ReadByte (msd)
                                                   MSD_WriteByte (msd)
               stack 1 = 00000000 ( 00000004 )

    *************************************************************************

  FILE NAME : C:\Users\CXG\Documents\设计文档\123\示波器\USB_APP\USBLib\Oscilloscope\DS0501\project\EWARM\Debug_FLASH\Obj\stm32f10x_vector.r79
  PROGRAM MODULE, NAME : stm32f10x_vector

  SEGMENTS IN THE MODULE
  ======================
INTVEC
  Relative segment, address: 08000000 - 080000EB (0xec bytes), align: 2
  Segment part 2.
           ENTRY                   ADDRESS         REF BY
           =====                   =======         ======
           __vector_table          08000000        __program_start (?CMAIN)
    -------------------------------------------------------------------------
CSTACK
  Relative segment, address: 20000428, align: 2
  Segment part 1.

    *************************************************************************

  FILE NAME : C:\Users\CXG\Documents\设计文档\123\示波器\USB_APP\USBLib\Oscilloscope\DS0501\project\EWARM\Debug_FLASH\Obj\usb_bot.r79
  PROGRAM MODULE, NAME : usb_bot

  SEGMENTS IN THE MODULE
  ======================
DATA_Z
  Relative segment, address: 20000422 - 20000422 (0x1 bytes), align: 0
  Segment part 2.             Intra module refs:   Segment part 14
                                                   Segment part 18
[...]
  Segment part 50.
           ENTRY                   ADDRESS         REF BY
           =====                   =======         ======
           GetEPTxAddr             08002A29        DataStageIn (usb_core)
    -------------------------------------------------------------------------
CODE
  Relative segment, address: 08002A44 - 08002A5F (0x1c bytes), align: 2
  Segment part 51.
           ENTRY                   ADDRESS         REF BY
           =====                   =======         ======
           GetEPRxAddr             08002A45        DataStageOut (usb_core)
    -------------------------------------------------------------------------
CODE
  Relative segment, address: 08002A60 - 08002A7F (0x20 bytes), align: 2
  Segment part 52.
           ENTRY                   ADDRESS         REF BY
           =====                   =======         ======
           SetEPTxCount            08002A61        DataStageIn (usb_core)
                                                   DataStageOut (usb_core)
                                                   Read_Memory (memory)
                                                   Set_CSW (usb_bot)
                                                   Transfer_Data_Request (usb_bot)
    -------------------------------------------------------------------------
CODE
  Relative segment, address: 08002A80 - 08002AD9 (0x5a bytes), align: 2
  Segment part 54.
           ENTRY                   ADDRESS         REF BY
           =====                   =======         ======
           SetEPRxCount            08002A81        MASS_Reset (usb_prop)
                                                   Post0_Process (usb_core)
                                                   Standard_ClearFeature (usb_core)
               stack 1 = 00000000 ( 00000008 )
    -------------------------------------------------------------------------
CODE
  Relative segment, address: 08002ADC - 08002AF7 (0x1c bytes), align: 2
  Segment part 56.
           ENTRY                   ADDRESS         REF BY
           =====                   =======         ======
           GetEPRxCount            08002ADD        Mass_Storage_Out (usb_bot)
    -------------------------------------------------------------------------
CODE
  Relative segment, address: 08002AF8 - 08002AFB (0x4 bytes), align: 2
  Segment part 61.            Intra module refs:   GetEPTxAddr
                                                   SetEPTxAddr
    -------------------------------------------------------------------------
CODE
  Relative segment, address: 08002AFC - 08002AFF (0x4 bytes), align: 2
  Segment part 63.            Intra module refs:   GetEPRxAddr
                                                   GetEPRxCount
                                                   GetEPTxAddr
                                                   SetEPRxAddr
                                                   SetEPRxCount
                                                   SetEPTxAddr
                                                   SetEPTxCount
    -------------------------------------------------------------------------
CODE
  Relative segment, address: 08002B00 - 08002B03 (0x4 bytes), align: 2
  Segment part 64.            Intra module refs:   GetEPRxAddr
                                                   SetEPRxAddr
    -------------------------------------------------------------------------
CODE
  Relative segment, address: 08002B04 - 08002B07 (0x4 bytes), align: 2
  Segment part 66.            Intra module refs:   SetEPTxCount
    -------------------------------------------------------------------------
CODE
  Relative segment, address: 08002B08 - 08002B0B (0x4 bytes), align: 2
  Segment part 67.            Intra module refs:   GetEPRxCount
                                                   SetEPRxCount
    -------------------------------------------------------------------------
CODE
  Relative segment, address: 08002B0C - 08002B21 (0x16 bytes), align: 2
  Segment part 80.
           ENTRY                   ADDRESS         REF BY
           =====                   =======         ======
           ByteSwap                08002B0D        Setup0_Process (usb_core)

    *************************************************************************

  FILE NAME : C:\Users\CXG\Documents\设计文档\123\示波器\USB_APP\USBLib\Oscilloscope\DS0501\project\EWARM\Debug_FLASH\Obj\usb_scsi.r79
  PROGRAM MODULE, NAME : usb_scsi

  SEGMENTS IN THE MODULE
  ======================
CODE
  Relative segment, address: 08002B24 - 08002B67 (0x44 bytes), align: 2
  Segment part 2.
           ENTRY                   ADDRESS         REF BY
           =====                   =======         ======
           SCSI_Inquiry_Cmd        08002B25        CBW_Decode (usb_bot)
               stack 1 = 00000000 ( 0000000C )
    -------------------------------------------------------------------------
CODE
  Relative segment, address: 08002B68 - 08002BD7 (0x70 bytes), align: 2
  Segment part 3.
           ENTRY                   ADDRESS         REF BY
           =====                   =======         ======
           SCSI_ReadFormatCapacity_Cmd
                                   08002B69        CBW_Decode (usb_bot)
               stack 1 = 00000000 ( 00000004 )
    -------------------------------------------------------------------------
CODE
  Relative segment, address: 08002BD8 - 08002C57 (0x80 bytes), align: 2
  Segment part 4.
           ENTRY                   ADDRESS         REF BY
           =====                   =======         ======
           SCSI_ReadCapacity10_Cmd
                                   08002BD9        CBW_Decode (usb_bot)
               stack 1 = 00000000 ( 00000004 )
    -------------------------------------------------------------------------
CODE
  Relative segment, address: 08002C58 - 08002C5B (0x4 bytes), align: 2
  Segment part 5.             Intra module refs:   SCSI_ReadCapacity10_Cmd
                                                   SCSI_ReadFormatCapacity_Cmd
    -------------------------------------------------------------------------
CODE
  Relative segment, address: 08002C5C - 08002C5F (0x4 bytes), align: 2
  Segment part 6.             Intra module refs:   SCSI_ReadCapacity10_Cmd
                                                   SCSI_ReadFormatCapacity_Cmd
    -------------------------------------------------------------------------
CODE
  Relative segment, address: 08002C60 - 08002C6F (0x10 bytes), align: 2
  Segment part 7.
           ENTRY                   ADDRESS         REF BY
           =====                   =======         ======
           SCSI_ModeSense6_Cmd     08002C61        CBW_Decode (usb_bot)
               stack 1 = 00000000 ( 00000004 )
    -------------------------------------------------------------------------
CODE
  Relative segment, address: 08002C70 - 08002C7F (0x10 bytes), align: 2
  Segment part 8.
           ENTRY                   ADDRESS         REF BY
           =====                   =======         ======
           SCSI_ModeSense10_Cmd    08002C71        CBW_Decode (usb_bot)
               stack 1 = 00000000 ( 00000004 )
    -------------------------------------------------------------------------
CODE
  Relative segment, address: 08002C80 - 08002CAB (0x2c bytes), align: 2
  Segment part 9.
           ENTRY                   ADDRESS         REF BY
           =====                   =======         ======
           SCSI_RequestSense_Cmd   08002C81        CBW_Decode (usb_bot)
               stack 1 = 00000000 ( 00000008 )
    -------------------------------------------------------------------------
CODE
  Relative segment, address: 08002CAC - 08002CAF (0x4 bytes), align: 2
  Segment part 10.            Intra module refs:   SCSI_Inquiry_Cmd
                                                   SCSI_RequestSense_Cmd
    -------------------------------------------------------------------------
CODE
  Relative segment, address: 08002CB0 - 08002CC3 (0x14 bytes), align: 2
  Segment part 11.            Intra module refs:   SCSI_Invalid_Cmd
                                                   SCSI_Read10_Cmd
                                                   SCSI_Valid_Cmd
                                                   SCSI_Verify10_Cmd
                                                   SCSI_Write10_Cmd
           ENTRY                   ADDRESS         REF BY
           =====                   =======         ======
           Set_Scsi_Sense_Data     08002CB1        Address_Management_Test (memory)
                                                   CBW_Decode (usb_bot)
                                                   Mass_Storage_Out (usb_bot)
    -------------------------------------------------------------------------
CODE
  Relative segment, address: 08002CC4 - 08002CCF (0xc bytes), align: 2
  Segment part 12.
           ENTRY                   ADDRESS         REF BY
           =====                   =======         ======
           SCSI_Start_Stop_Unit_Cmd
                                   08002CC5        CBW_Decode (usb_bot)
               stack 1 = 00000000 ( 00000004 )
    -------------------------------------------------------------------------
CODE
  Relative segment, address: 08002CD0 - 08002D1D (0x4e bytes), align: 2
  Segment part 13.
           ENTRY                   ADDRESS         REF BY
           =====                   =======         ======
           SCSI_Read10_Cmd         08002CD1        CBW_Decode (usb_bot)
                                                   Mass_Storage_In (usb_bot)
               stack 1 = 00000000 ( 00000004 )
    -------------------------------------------------------------------------
CODE
  Relative segment, address: 08002D20 - 08002D73 (0x54 bytes), align: 2
  Segment part 14.
           ENTRY                   ADDRESS         REF BY
           =====                   =======         ======
           SCSI_Write10_Cmd        08002D21        CBW_Decode (usb_bot)
                                                   Mass_Storage_Out (usb_bot)
               stack 1 = 00000000 ( 00000004 )
    -------------------------------------------------------------------------
CODE
  Relative segment, address: 08002D74 - 08002D77 (0x4 bytes), align: 2
  Segment part 15.            Intra module refs:   SCSI_Read10_Cmd
                                                   SCSI_Write10_Cmd
    -------------------------------------------------------------------------
CODE
  Relative segment, address: 08002D78 - 08002DAB (0x34 bytes), align: 2
  Segment part 16.
           ENTRY                   ADDRESS         REF BY
           =====                   =======         ======
           SCSI_Verify10_Cmd       08002D79        CBW_Decode (usb_bot)
               stack 1 = 00000000 ( 00000004 )
    -------------------------------------------------------------------------
CODE
  Relative segment, address: 08002DAC - 08002DAF (0x4 bytes), align: 2
  Segment part 17.            Intra module refs:   SCSI_Inquiry_Cmd
                                                   SCSI_Verify10_Cmd
    -------------------------------------------------------------------------
CODE
  Relative segment, address: 08002DB0 - 08002DDB (0x2c bytes), align: 2
  Segment part 18.
           ENTRY                   ADDRESS         REF BY
           =====                   =======         ======
           SCSI_Valid_Cmd          08002DB1        CBW_Decode (usb_bot)
               stack 1 = 00000000 ( 00000004 )
    -------------------------------------------------------------------------
CODE
  Relative segment, address: 08002DDC - 08002E15 (0x3a bytes), align: 2
  Segment part 19.
           ENTRY                   ADDRESS         REF BY
           =====                   =======         ======
           SCSI_Invalid_Cmd        08002DDD        CBW_Decode (usb_bot)
               stack 1 = 00000000 ( 00000004 )
    -------------------------------------------------------------------------
CODE
  Relative segment, address: 08002E18 - 08002E1B (0x4 bytes), align: 2
  Segment part 20.            Intra module refs:   SCSI_Invalid_Cmd
                                                   SCSI_Valid_Cmd
                                                   SCSI_Verify10_Cmd
    -------------------------------------------------------------------------
CODE
  Relative segment, address: 08002E1C - 08002E1F (0x4 bytes), align: 2
  Segment part 21.            Intra module refs:   SCSI_Invalid_Cmd
                                                   SCSI_Read10_Cmd
                                                   SCSI_Write10_Cmd

    *************************************************************************

  FILE NAME : C:\Program Files\IAR Systems\Embedded Workbench 4.0 Kickstart\arm\LIB\dl7mptnnl8n.r79
  LIBRARY MODULE, NAME : ?low_level_init

  SEGMENTS IN THE MODULE
  ======================
ICODE
  Relative segment, address: 080000EC - 080000EF (0x4 bytes), align: 2
  Segment part 2.
           ENTRY                   ADDRESS         REF BY
           =====                   =======         ======
           __low_level_init        080000ED        __program_start (?CMAIN)

    -------------------------------------------------------------------------
  LIBRARY MODULE, NAME : ?segment_init

  SEGMENTS IN THE MODULE
  ======================
ICODE
  Relative segment, address: 080000F0 - 0800011F (0x30 bytes), align: 2
  Segment part 2.
           ENTRY                   ADDRESS         REF BY
           =====                   =======         ======
           __segment_init          080000F1        __program_start (?CMAIN)
               stack 1 = 00000000 ( 00000008 )

    -------------------------------------------------------------------------
  LIBRARY MODULE, NAME : ?__dbg_break

  SEGMENTS IN THE MODULE
  ======================
CODE
  Relative segment, address: 08002E20 - 08002E21 (0x2 bytes), align: 2
  Segment part 2.
           ENTRY                   ADDRESS         REF BY
           =====                   =======         ======
           __DebugBreak            08002E21        __exit (?__exit)

    -------------------------------------------------------------------------
  LIBRARY MODULE, NAME : ?__exit

  SEGMENTS IN THE MODULE
  ======================
CODE
  Relative segment, address: 08002E24 - 08002E35 (0x12 bytes), align: 2
  Segment part 2.
           ENTRY                   ADDRESS         REF BY
           =====                   =======         ======
           __exit                  08002E25        Segment part 5 (?_EXIT)
               stack 1 = 00000000 ( 0000000C )

    -------------------------------------------------------------------------
  LIBRARY MODULE, NAME : ?exit

  SEGMENTS IN THE MODULE
  ======================
CODE
  Relative segment, address: 08002E38 - 08002E3B (0x4 bytes), align: 2
  Segment part 2.
           ENTRY                   ADDRESS         REF BY
           =====                   =======         ======
           exit                    08002E39        _main (?CMAIN)
               stack 1 = 00000000 ( 00000004 )

    -------------------------------------------------------------------------
  LIBRARY MODULE, NAME : ?memcpy

  SEGMENTS IN THE MODULE
  ======================
CODE
  Relative segment, address: 08002E3C - 08002E51 (0x16 bytes), align: 2
  Segment part 3.
           ENTRY                   ADDRESS         REF BY
           =====                   =======         ======
           memcpy                  08002E3D        __segment_init (?segment_init)
               stack 1 = 00000000 ( 00000008 )

    -------------------------------------------------------------------------
  LIBRARY MODULE, NAME : ?memset

  SEGMENTS IN THE MODULE
  ======================
CODE
  Relative segment, address: 08002E54 - 08002E65 (0x12 bytes), align: 2
  Segment part 3.
           ENTRY                   ADDRESS         REF BY
           =====                   =======         ======
           memset                  08002E55        __segment_init (?segment_init)
               stack 1 = 00000000 ( 00000008 )

    -------------------------------------------------------------------------
  LIBRARY MODULE, NAME : ?CMAIN

  SEGMENTS IN THE MODULE
  ======================
DIFUNCT
  Relative segment, address: 08000150, align: 2
  Segment part 0. ROOT.
    -------------------------------------------------------------------------
ICODE
  Relative segment, address: 08000120 - 08000133 (0x14 bytes), align: 2
  Segment part 1.
           ENTRY                   ADDRESS         REF BY
           =====                   =======         ======
           __program_start         08000121        Absolute parts (?ABS_ENTRY_MOD)
                                                   __vector_table (stm32f10x_vector)
    -------------------------------------------------------------------------
ICODE
  Relative segment, address: 08000134 - 0800014F (0x1c bytes), align: 2
  Segment part 3.             Intra module refs:   __program_start
           ENTRY                   ADDRESS         REF BY
           =====                   =======         ======
           _main                   0800013D 

    -------------------------------------------------------------------------
  LIBRARY MODULE, NAME : ?_EXIT

  SEGMENTS IN THE MODULE
  ======================
CODE
  Relative segment, address: 08002E68, align: 2
  Segment part 0.
           ENTRY                   ADDRESS         REF BY
           =====                   =======         ======
           _exit                   08002E69        _main (?CMAIN)
                                                   exit (?exit)
    -------------------------------------------------------------------------
CODE
  Relative segment, address: 08002E68 - 08002E73 (0xc bytes), align: 2
  Segment part 5.             Intra module refs:   _exit

    -------------------------------------------------------------------------
  LIBRARY MODULE, NAME : ?div_module

  SEGMENTS IN THE MODULE
  ======================
CODE
  Relative segment, address: 08002E74 - 08002E7F (0xc bytes), align: 2
  Segment part 2.
           ENTRY                   ADDRESS         REF BY
           =====                   =======         ======
           ??divu32_t              08002E75        Write_Memory (memory)




                ****************************************
                *                                      *
                *      SEGMENTS IN ADDRESS ORDER       *
                *                                      *
                ****************************************


SEGMENT              SPACE    START ADDRESS   END ADDRESS     SIZE  TYPE  ALIGN
=======              =====    =============   ===========     ====  ====  =====
INTVEC                             08000000 - 080000EB          EC   rel    2
ICODE                              080000EC - 0800014F          64   rel    2
DIFUNCT                                 08000150                     rel    2
CODE                               08000150 - 08002E7F        2D30   rel    2
INITTAB                            08002E80 - 08002E97          18   rel    2
DATA_ID                            08002E98 - 08002FAD         116   rel    2
DATA_C                             08002FB0 - 08003063          B4   rel    2
DATA_I                             20000000 - 20000115         116   rel    2
DATA_Z                             20000118 - 20000424         30D   rel    2
CSTACK                             20000428 - 20001427        1000   rel    2

                ****************************************
                *                                      *
                *        END OF CROSS REFERENCE        *
                *                                      *
                ****************************************

 11 904 bytes of CODE  memory
  5 155 bytes of DATA  memory
    482 bytes of CONST memory

Errors: none
Warnings: none

